#
# There is insufficient memory for the Java Runtime Environment to continue.
# Native memory allocation (mmap) failed to map 65536 bytes. Error detail: Failed to commit metaspace.
# Possible reasons:
#   The system is out of physical RAM or swap space
#   This process is running with CompressedOops enabled, and the Java Heap may be blocking the growth of the native heap
# Possible solutions:
#   Reduce memory load on the system
#   Increase physical memory or swap space
#   Check if swap backing store is full
#   Decrease Java heap size (-Xmx/-Xms)
#   Decrease number of Java threads
#   Decrease Java thread stack sizes (-Xss)
#   Set larger code cache with -XX:ReservedCodeCacheSize=
#   JVM is running with Unscaled Compressed Oops mode in which the Java heap is
#     placed in the first 4GB address space. The Java Heap base address is the
#     maximum limit for the native heap growth. Please use -XX:HeapBaseMinAddress
#     to set the Java Heap base and to place the Java Heap above 4GB virtual address.
# This output file may be truncated or incomplete.
#
#  Out of Memory Error (virtualSpaceNode.cpp:113), pid=3632, tid=1588
#
# JRE version: Java(TM) SE Runtime Environment (24.0.1+9) (build 24.0.1+9-30)
# Java VM: Java HotSpot(TM) 64-Bit Server VM (24.0.1+9-30, mixed mode, tiered, compressed oops, compressed class ptrs, g1 gc, windows-amd64)
# No core dump will be written. Minidumps are not enabled by default on client versions of Windows
#

---------------  S U M M A R Y ------------

Command Line: -Dnet.bytebuddy.agent.attacher.dump= net.bytebuddy.agent.Attacher com.sun.tools.attach.VirtualMachine 3688 C:\Users\K\.m2\repository\net\bytebuddy\byte-buddy-agent\1.17.6\byte-buddy-agent-1.17.6.jar false 

Host: Intel(R) Core(TM) i5-4590 CPU @ 3.30GHz, 4 cores, 7G,  Windows 10 , 64 bit Build 19041 (10.0.19041.5794)
Time: Sun Aug 17 03:01:00 2025 Pacific Summer Time elapsed time: 1.711631 seconds (0d 0h 0m 1s)

---------------  T H R E A D  ---------------

Current thread (0x000001aa7eb4c560):  JavaThread "main"             [_thread_in_vm, id=1588, stack(0x000000394f500000,0x000000394f600000) (1024K)]

Stack: [0x000000394f500000,0x000000394f600000]
Native frames: (J=compiled Java code, j=interpreted, Vv=VM code, C=native code)
V  [jvm.dll+0x730739]  (no source info available)
V  [jvm.dll+0x8d9b23]  (no source info available)
V  [jvm.dll+0x8dc00d]  (no source info available)
V  [jvm.dll+0x8dc683]  (no source info available)
V  [jvm.dll+0x2aa086]  (no source info available)
V  [jvm.dll+0x8d56de]  (no source info available)
V  [jvm.dll+0x6ccd85]  (no source info available)
V  [jvm.dll+0x6ccdea]  (no source info available)
V  [jvm.dll+0x6cf800]  (no source info available)
V  [jvm.dll+0x6cf567]  (no source info available)
V  [jvm.dll+0x24c75c]  (no source info available)
V  [jvm.dll+0x6cd7a8]  (no source info available)
V  [jvm.dll+0x2a62f1]  (no source info available)
V  [jvm.dll+0x78aa9f]  (no source info available)
V  [jvm.dll+0x78b8bf]  (no source info available)
V  [jvm.dll+0x40105a]  (no source info available)
V  [jvm.dll+0x400eda]  (no source info available)
V  [jvm.dll+0x3ffc46]  (no source info available)
V  [jvm.dll+0x3ffbe8]  (no source info available)
V  [jvm.dll+0x41284a]  (no source info available)
C  0x000001aa1113a1cf  (no source info available)

The last pc belongs to new (printed below).
Java frames: (J=compiled Java code, j=interpreted, Vv=VM code)
j  java.util.Collections.unmodifiableList(Ljava/util/List;)Ljava/util/List;+31 java.base@24.0.1
j  com.sun.tools.attach.spi.AttachProvider.providers()Ljava/util/List;+79 jdk.attach@24.0.1
j  com.sun.tools.attach.VirtualMachine.attach(Ljava/lang/String;)Lcom/sun/tools/attach/VirtualMachine;+14 jdk.attach@24.0.1
j  java.lang.invoke.DirectMethodHandle$Holder.invokeStatic(Ljava/lang/Object;Ljava/lang/Object;)Ljava/lang/Object;+10 java.base@24.0.1
j  java.lang.invoke.LambdaForm$MH+0x0000000008002000.invoke(Ljava/lang/Object;Ljava/lang/Object;Ljava/lang/Object;)Ljava/lang/Object;+33 java.base@24.0.1
j  java.lang.invoke.Invokers$Holder.invokeExact_MT(Ljava/lang/Object;Ljava/lang/Object;Ljava/lang/Object;Ljava/lang/Object;)Ljava/lang/Object;+20 java.base@24.0.1
j  jdk.internal.reflect.DirectMethodHandleAccessor.invokeImpl(Ljava/lang/Object;[Ljava/lang/Object;)Ljava/lang/Object;+55 java.base@24.0.1
j  jdk.internal.reflect.DirectMethodHandleAccessor.invoke(Ljava/lang/Object;[Ljava/lang/Object;)Ljava/lang/Object;+23 java.base@24.0.1
j  java.lang.reflect.Method.invoke(Ljava/lang/Object;[Ljava/lang/Object;)Ljava/lang/Object;+102 java.base@24.0.1
j  net.bytebuddy.agent.Attacher.install(Ljava/lang/Class;Ljava/lang/String;Ljava/lang/String;ZLjava/lang/String;)V+24
j  net.bytebuddy.agent.Attacher.main([Ljava/lang/String;)V+86
v  ~StubRoutines::call_stub 0x000001aa11120fcd
Lock stack of current Java thread (top to bottom):
LockStack[1]: [I 
{0x0000000089599ac0} - klass: {type array int} - flags: is_cloneable_fast 

 - length: 0
LockStack[0]: java.lang.Object 
{0x0000000089587350} - klass: 'java/lang/Object' - flags: 

 - ---- fields (total size 2 words):

new  187 new  [0x000001aa1113a0a0, 0x000001aa1113a258]  440 bytes
[MachCode]
  0x000001aa1113a0a0: 4883 ec08 | c5fa 1104 | 24eb 1f48 | 83ec 10c5 | fb11 0424 | eb14 4883 | ec10 4889 | 0424 48c7 
  0x000001aa1113a0c0: 4424 0800 | 0000 00eb | 0150 410f | b755 010f | cac1 ea10 | 488b 4de8 | 488b 4908 | 488b 4908 
  0x000001aa1113a0e0: 488b 4108 | 807c 1004 | 070f 8583 | 0000 0066 | 8b54 d148 | 488b 4928 | 488b 4cd1 | 0851 80b9 
  0x000001aa1113a100: 4001 0000 | 040f 840d | 0000 004c | 3bb9 4801 | 0000 0f85 | 5900 0000 | 8b51 08f6 | c201 0f85 
  0x000001aa1113a120: 4d00 0000 | 498b 87c8 | 0100 0048 | 8d1c 1049 | 3b9f d801 | 0000 0f87 | 3500 0000 | 4989 9fc8 
  0x000001aa1113a140: 0100 0048 | 83ea 100f | 840f 0000 | 0033 c9c1 | ea03 4889 | 4cd0 0848 | ffca 75f6 | 48c7 0001 
  0x000001aa1113a160: 0000 0059 | 33f6 8970 | 0c89 4808 | e9cb 0000 | 0059 488b | 55e8 488b | 5208 488b | 5208 450f 
  0x000001aa1113a180: b745 0141 | 0fc8 41c1 | e810 e805 | 0000 00e9 | a800 0000 | 488d 4424 | 084c 896d | c049 8bcf 
  0x000001aa1113a1a0: c5f8 7749 | 89af b803 | 0000 4989 | 87a8 0300 | 0048 83ec | 2040 f6c4 | 0f0f 8419 | 0000 0048 
  0x000001aa1113a1c0: 83ec 0848 | b8c0 27ab | d8fc 7f00 | 00ff d048 | 83c4 08e9 | 0c00 0000 | 48b8 c027 | abd8 fc7f 
  0x000001aa1113a1e0: 0000 ffd0 | 4883 c420 | 49c7 87a8 | 0300 0000 | 0000 0049 | c787 b803 | 0000 0000 | 0000 49c7 
  0x000001aa1113a200: 87b0 0300 | 0000 0000 | 00c5 f877 | 4983 7f08 | 000f 8405 | 0000 00e9 | a46c feff | 498b 8700 
  0x000001aa1113a220: 0400 0049 | c787 0004 | 0000 0000 | 0000 4c8b | 6dc0 4c8b | 75c8 4e8d | 74f5 00c3 | 410f b65d 
  0x000001aa1113a240: 0349 83c5 | 0349 ba30 | 8937 d9fc | 7f00 0041 | ff24 da0f | 1f44 0000 
[/MachCode]

---------------  P R O C E S S  ---------------

Threads class SMR info:
_java_thread_list=0x000001aa1d580e80, length=11, elements={
0x000001aa7eb4c560, 0x000001aa1d39c4c0, 0x000001aa1d39e220, 0x000001aa1d3aa500,
0x000001aa1d3ab030, 0x000001aa1d3abb60, 0x000001aa1d3ac690, 0x000001aa1d3b6840,
0x000001aa1d3bceb0, 0x000001aa1d57ed30, 0x000001aa1d587cb0
}

Java Threads: ( => current thread )
=>0x000001aa7eb4c560 JavaThread "main"                              [_thread_in_vm, id=1588, stack(0x000000394f500000,0x000000394f600000) (1024K)]
  0x000001aa1d39c4c0 JavaThread "Reference Handler"          daemon [_thread_blocked, id=9432, stack(0x000000394fd00000,0x000000394fe00000) (1024K)]
  0x000001aa1d39e220 JavaThread "Finalizer"                  daemon [_thread_blocked, id=3044, stack(0x000000394fe00000,0x000000394ff00000) (1024K)]
  0x000001aa1d3aa500 JavaThread "Signal Dispatcher"          daemon [_thread_blocked, id=6308, stack(0x000000394ff00000,0x0000003950000000) (1024K)]
  0x000001aa1d3ab030 JavaThread "Attach Listener"            daemon [_thread_blocked, id=8752, stack(0x0000003950000000,0x0000003950100000) (1024K)]
  0x000001aa1d3abb60 JavaThread "Service Thread"             daemon [_thread_blocked, id=1308, stack(0x0000003950100000,0x0000003950200000) (1024K)]
  0x000001aa1d3ac690 JavaThread "Monitor Deflation Thread"   daemon [_thread_blocked, id=1104, stack(0x0000003950200000,0x0000003950300000) (1024K)]
  0x000001aa1d3b6840 JavaThread "C2 CompilerThread0"         daemon [_thread_blocked, id=7496, stack(0x0000003950300000,0x0000003950400000) (1024K)]
  0x000001aa1d3bceb0 JavaThread "C1 CompilerThread0"         daemon [_thread_blocked, id=3152, stack(0x0000003950400000,0x0000003950500000) (1024K)]
  0x000001aa1d57ed30 JavaThread "Notification Thread"        daemon [_thread_blocked, id=11020, stack(0x0000003950500000,0x0000003950600000) (1024K)]
  0x000001aa1d587cb0 JavaThread "Common-Cleaner"             daemon [_thread_blocked, id=2936, stack(0x0000003950600000,0x0000003950700000) (1024K)]
Total: 11

Other Threads:
  0x000001aa1d362e70 VMThread "VM Thread"                           [id=2956, stack(0x000000394fc00000,0x000000394fd00000) (1024K)]
  0x000001aa1d32a540 WatcherThread "VM Periodic Task Thread"        [id=3896, stack(0x000000394fb00000,0x000000394fc00000) (1024K)]
  0x000001aa7f9e5460 WorkerThread "GC Thread#0"                     [id=8268, stack(0x000000394f600000,0x000000394f700000) (1024K)]
  0x000001aa7f9fa270 ConcurrentGCThread "G1 Main Marker"            [id=10436, stack(0x000000394f700000,0x000000394f800000) (1024K)]
  0x000001aa7f9fb520 WorkerThread "G1 Conc#0"                       [id=10892, stack(0x000000394f800000,0x000000394f900000) (1024K)]
  0x000001aa1d1f9500 ConcurrentGCThread "G1 Refine#0"               [id=7828, stack(0x000000394f900000,0x000000394fa00000) (1024K)]
  0x000001aa1d1f9f90 ConcurrentGCThread "G1 Service"                [id=10476, stack(0x000000394fa00000,0x000000394fb00000) (1024K)]
Total: 7

Threads with active compile tasks:
Total: 0

VM state: not at safepoint (normal execution)

VM Mutex/Monitor currently owned by a thread:  ([mutex/lock_event])
[0x00007ffcd93624b0] Metaspace_lock - owner thread: 0x000001aa7eb4c560

Heap address: 0x0000000081800000, size: 2024 MB, Compressed Oops mode: 32-bit

CDS archive(s) not mapped
Compressed class space mapped at: 0x0000000008000000-0x0000000048000000, reserved size: 1073741824
UseCompressedClassPointers 1, UseCompactObjectHeaders 0
Narrow klass pointer bits 32, Max shift 3
Narrow klass base: 0x0000000000000000, Narrow klass shift: 0
Encoding Range: [0x0000000000000000 - 0x0000000100000000), (4294967296 bytes)
Klass Range:    [0x0000000008000000 - 0x0000000048000000), (1073741824 bytes)
Klass ID Range:  [134217728 - 1207959545) (1073741817)

GC Precious Log:
 CardTable entry size: 512
 Card Set container configuration: InlinePtr #cards 5 size 8 Array Of Cards #cards 10 size 36 Howl #buckets 4 coarsen threshold 1843 Howl Bitmap #cards 512 size 80 coarsen threshold 460 Card regions per heap region 1 cards per card region 2048
 CPUs: 4 total, 4 available
 Memory: 8092M
 Large Page Support: Disabled
 NUMA Support: Disabled
 Compressed Oops: Enabled (32-bit)
 Heap Region Size: 1M
 Heap Min Capacity: 8M
 Heap Initial Capacity: 128M
 Heap Max Capacity: 2024M
 Pre-touch: Disabled
 Parallel Workers: 4
 Concurrent Workers: 1
 Concurrent Refinement Workers: 4
 Periodic GC: Disabled

Heap:
 garbage-first heap   total reserved 2072576K, committed 131072K, used 2048K [0x0000000081800000, 0x0000000100000000)
  region size 1024K, 3 young (3072K), 0 survivors (0K)
 Metaspace       used 7213K, committed 7232K, reserved 1114112K
  class space    used 501K, committed 512K, reserved 1048576K

Heap Regions: E=young(eden), S=young(survivor), O=old, HS=humongous(starts), HC=humongous(continues), CS=collection set, F=free, TAMS=top-at-mark-start, PB=parsable bottom
|   0|0x0000000081800000, 0x0000000081800000, 0x0000000081900000|  0%| F|  |TAMS 0x0000000081800000| PB 0x0000000081800000| Untracked |  0
|   1|0x0000000081900000, 0x0000000081900000, 0x0000000081a00000|  0%| F|  |TAMS 0x0000000081900000| PB 0x0000000081900000| Untracked |  0
|   2|0x0000000081a00000, 0x0000000081a00000, 0x0000000081b00000|  0%| F|  |TAMS 0x0000000081a00000| PB 0x0000000081a00000| Untracked |  0
|   3|0x0000000081b00000, 0x0000000081b00000, 0x0000000081c00000|  0%| F|  |TAMS 0x0000000081b00000| PB 0x0000000081b00000| Untracked |  0
|   4|0x0000000081c00000, 0x0000000081c00000, 0x0000000081d00000|  0%| F|  |TAMS 0x0000000081c00000| PB 0x0000000081c00000| Untracked |  0
|   5|0x0000000081d00000, 0x0000000081d00000, 0x0000000081e00000|  0%| F|  |TAMS 0x0000000081d00000| PB 0x0000000081d00000| Untracked |  0
|   6|0x0000000081e00000, 0x0000000081e00000, 0x0000000081f00000|  0%| F|  |TAMS 0x0000000081e00000| PB 0x0000000081e00000| Untracked |  0
|   7|0x0000000081f00000, 0x0000000081f00000, 0x0000000082000000|  0%| F|  |TAMS 0x0000000081f00000| PB 0x0000000081f00000| Untracked |  0
|   8|0x0000000082000000, 0x0000000082000000, 0x0000000082100000|  0%| F|  |TAMS 0x0000000082000000| PB 0x0000000082000000| Untracked |  0
|   9|0x0000000082100000, 0x0000000082100000, 0x0000000082200000|  0%| F|  |TAMS 0x0000000082100000| PB 0x0000000082100000| Untracked |  0
|  10|0x0000000082200000, 0x0000000082200000, 0x0000000082300000|  0%| F|  |TAMS 0x0000000082200000| PB 0x0000000082200000| Untracked |  0
|  11|0x0000000082300000, 0x0000000082300000, 0x0000000082400000|  0%| F|  |TAMS 0x0000000082300000| PB 0x0000000082300000| Untracked |  0
|  12|0x0000000082400000, 0x0000000082400000, 0x0000000082500000|  0%| F|  |TAMS 0x0000000082400000| PB 0x0000000082400000| Untracked |  0
|  13|0x0000000082500000, 0x0000000082500000, 0x0000000082600000|  0%| F|  |TAMS 0x0000000082500000| PB 0x0000000082500000| Untracked |  0
|  14|0x0000000082600000, 0x0000000082600000, 0x0000000082700000|  0%| F|  |TAMS 0x0000000082600000| PB 0x0000000082600000| Untracked |  0
|  15|0x0000000082700000, 0x0000000082700000, 0x0000000082800000|  0%| F|  |TAMS 0x0000000082700000| PB 0x0000000082700000| Untracked |  0
|  16|0x0000000082800000, 0x0000000082800000, 0x0000000082900000|  0%| F|  |TAMS 0x0000000082800000| PB 0x0000000082800000| Untracked |  0
|  17|0x0000000082900000, 0x0000000082900000, 0x0000000082a00000|  0%| F|  |TAMS 0x0000000082900000| PB 0x0000000082900000| Untracked |  0
|  18|0x0000000082a00000, 0x0000000082a00000, 0x0000000082b00000|  0%| F|  |TAMS 0x0000000082a00000| PB 0x0000000082a00000| Untracked |  0
|  19|0x0000000082b00000, 0x0000000082b00000, 0x0000000082c00000|  0%| F|  |TAMS 0x0000000082b00000| PB 0x0000000082b00000| Untracked |  0
|  20|0x0000000082c00000, 0x0000000082c00000, 0x0000000082d00000|  0%| F|  |TAMS 0x0000000082c00000| PB 0x0000000082c00000| Untracked |  0
|  21|0x0000000082d00000, 0x0000000082d00000, 0x0000000082e00000|  0%| F|  |TAMS 0x0000000082d00000| PB 0x0000000082d00000| Untracked |  0
|  22|0x0000000082e00000, 0x0000000082e00000, 0x0000000082f00000|  0%| F|  |TAMS 0x0000000082e00000| PB 0x0000000082e00000| Untracked |  0
|  23|0x0000000082f00000, 0x0000000082f00000, 0x0000000083000000|  0%| F|  |TAMS 0x0000000082f00000| PB 0x0000000082f00000| Untracked |  0
|  24|0x0000000083000000, 0x0000000083000000, 0x0000000083100000|  0%| F|  |TAMS 0x0000000083000000| PB 0x0000000083000000| Untracked |  0
|  25|0x0000000083100000, 0x0000000083100000, 0x0000000083200000|  0%| F|  |TAMS 0x0000000083100000| PB 0x0000000083100000| Untracked |  0
|  26|0x0000000083200000, 0x0000000083200000, 0x0000000083300000|  0%| F|  |TAMS 0x0000000083200000| PB 0x0000000083200000| Untracked |  0
|  27|0x0000000083300000, 0x0000000083300000, 0x0000000083400000|  0%| F|  |TAMS 0x0000000083300000| PB 0x0000000083300000| Untracked |  0
|  28|0x0000000083400000, 0x0000000083400000, 0x0000000083500000|  0%| F|  |TAMS 0x0000000083400000| PB 0x0000000083400000| Untracked |  0
|  29|0x0000000083500000, 0x0000000083500000, 0x0000000083600000|  0%| F|  |TAMS 0x0000000083500000| PB 0x0000000083500000| Untracked |  0
|  30|0x0000000083600000, 0x0000000083600000, 0x0000000083700000|  0%| F|  |TAMS 0x0000000083600000| PB 0x0000000083600000| Untracked |  0
|  31|0x0000000083700000, 0x0000000083700000, 0x0000000083800000|  0%| F|  |TAMS 0x0000000083700000| PB 0x0000000083700000| Untracked |  0
|  32|0x0000000083800000, 0x0000000083800000, 0x0000000083900000|  0%| F|  |TAMS 0x0000000083800000| PB 0x0000000083800000| Untracked |  0
|  33|0x0000000083900000, 0x0000000083900000, 0x0000000083a00000|  0%| F|  |TAMS 0x0000000083900000| PB 0x0000000083900000| Untracked |  0
|  34|0x0000000083a00000, 0x0000000083a00000, 0x0000000083b00000|  0%| F|  |TAMS 0x0000000083a00000| PB 0x0000000083a00000| Untracked |  0
|  35|0x0000000083b00000, 0x0000000083b00000, 0x0000000083c00000|  0%| F|  |TAMS 0x0000000083b00000| PB 0x0000000083b00000| Untracked |  0
|  36|0x0000000083c00000, 0x0000000083c00000, 0x0000000083d00000|  0%| F|  |TAMS 0x0000000083c00000| PB 0x0000000083c00000| Untracked |  0
|  37|0x0000000083d00000, 0x0000000083d00000, 0x0000000083e00000|  0%| F|  |TAMS 0x0000000083d00000| PB 0x0000000083d00000| Untracked |  0
|  38|0x0000000083e00000, 0x0000000083e00000, 0x0000000083f00000|  0%| F|  |TAMS 0x0000000083e00000| PB 0x0000000083e00000| Untracked |  0
|  39|0x0000000083f00000, 0x0000000083f00000, 0x0000000084000000|  0%| F|  |TAMS 0x0000000083f00000| PB 0x0000000083f00000| Untracked |  0
|  40|0x0000000084000000, 0x0000000084000000, 0x0000000084100000|  0%| F|  |TAMS 0x0000000084000000| PB 0x0000000084000000| Untracked |  0
|  41|0x0000000084100000, 0x0000000084100000, 0x0000000084200000|  0%| F|  |TAMS 0x0000000084100000| PB 0x0000000084100000| Untracked |  0
|  42|0x0000000084200000, 0x0000000084200000, 0x0000000084300000|  0%| F|  |TAMS 0x0000000084200000| PB 0x0000000084200000| Untracked |  0
|  43|0x0000000084300000, 0x0000000084300000, 0x0000000084400000|  0%| F|  |TAMS 0x0000000084300000| PB 0x0000000084300000| Untracked |  0
|  44|0x0000000084400000, 0x0000000084400000, 0x0000000084500000|  0%| F|  |TAMS 0x0000000084400000| PB 0x0000000084400000| Untracked |  0
|  45|0x0000000084500000, 0x0000000084500000, 0x0000000084600000|  0%| F|  |TAMS 0x0000000084500000| PB 0x0000000084500000| Untracked |  0
|  46|0x0000000084600000, 0x0000000084600000, 0x0000000084700000|  0%| F|  |TAMS 0x0000000084600000| PB 0x0000000084600000| Untracked |  0
|  47|0x0000000084700000, 0x0000000084700000, 0x0000000084800000|  0%| F|  |TAMS 0x0000000084700000| PB 0x0000000084700000| Untracked |  0
|  48|0x0000000084800000, 0x0000000084800000, 0x0000000084900000|  0%| F|  |TAMS 0x0000000084800000| PB 0x0000000084800000| Untracked |  0
|  49|0x0000000084900000, 0x0000000084900000, 0x0000000084a00000|  0%| F|  |TAMS 0x0000000084900000| PB 0x0000000084900000| Untracked |  0
|  50|0x0000000084a00000, 0x0000000084a00000, 0x0000000084b00000|  0%| F|  |TAMS 0x0000000084a00000| PB 0x0000000084a00000| Untracked |  0
|  51|0x0000000084b00000, 0x0000000084b00000, 0x0000000084c00000|  0%| F|  |TAMS 0x0000000084b00000| PB 0x0000000084b00000| Untracked |  0
|  52|0x0000000084c00000, 0x0000000084c00000, 0x0000000084d00000|  0%| F|  |TAMS 0x0000000084c00000| PB 0x0000000084c00000| Untracked |  0
|  53|0x0000000084d00000, 0x0000000084d00000, 0x0000000084e00000|  0%| F|  |TAMS 0x0000000084d00000| PB 0x0000000084d00000| Untracked |  0
|  54|0x0000000084e00000, 0x0000000084e00000, 0x0000000084f00000|  0%| F|  |TAMS 0x0000000084e00000| PB 0x0000000084e00000| Untracked |  0
|  55|0x0000000084f00000, 0x0000000084f00000, 0x0000000085000000|  0%| F|  |TAMS 0x0000000084f00000| PB 0x0000000084f00000| Untracked |  0
|  56|0x0000000085000000, 0x0000000085000000, 0x0000000085100000|  0%| F|  |TAMS 0x0000000085000000| PB 0x0000000085000000| Untracked |  0
|  57|0x0000000085100000, 0x0000000085100000, 0x0000000085200000|  0%| F|  |TAMS 0x0000000085100000| PB 0x0000000085100000| Untracked |  0
|  58|0x0000000085200000, 0x0000000085200000, 0x0000000085300000|  0%| F|  |TAMS 0x0000000085200000| PB 0x0000000085200000| Untracked |  0
|  59|0x0000000085300000, 0x0000000085300000, 0x0000000085400000|  0%| F|  |TAMS 0x0000000085300000| PB 0x0000000085300000| Untracked |  0
|  60|0x0000000085400000, 0x0000000085400000, 0x0000000085500000|  0%| F|  |TAMS 0x0000000085400000| PB 0x0000000085400000| Untracked |  0
|  61|0x0000000085500000, 0x0000000085500000, 0x0000000085600000|  0%| F|  |TAMS 0x0000000085500000| PB 0x0000000085500000| Untracked |  0
|  62|0x0000000085600000, 0x0000000085600000, 0x0000000085700000|  0%| F|  |TAMS 0x0000000085600000| PB 0x0000000085600000| Untracked |  0
|  63|0x0000000085700000, 0x0000000085700000, 0x0000000085800000|  0%| F|  |TAMS 0x0000000085700000| PB 0x0000000085700000| Untracked |  0
|  64|0x0000000085800000, 0x0000000085800000, 0x0000000085900000|  0%| F|  |TAMS 0x0000000085800000| PB 0x0000000085800000| Untracked |  0
|  65|0x0000000085900000, 0x0000000085900000, 0x0000000085a00000|  0%| F|  |TAMS 0x0000000085900000| PB 0x0000000085900000| Untracked |  0
|  66|0x0000000085a00000, 0x0000000085a00000, 0x0000000085b00000|  0%| F|  |TAMS 0x0000000085a00000| PB 0x0000000085a00000| Untracked |  0
|  67|0x0000000085b00000, 0x0000000085b00000, 0x0000000085c00000|  0%| F|  |TAMS 0x0000000085b00000| PB 0x0000000085b00000| Untracked |  0
|  68|0x0000000085c00000, 0x0000000085c00000, 0x0000000085d00000|  0%| F|  |TAMS 0x0000000085c00000| PB 0x0000000085c00000| Untracked |  0
|  69|0x0000000085d00000, 0x0000000085d00000, 0x0000000085e00000|  0%| F|  |TAMS 0x0000000085d00000| PB 0x0000000085d00000| Untracked |  0
|  70|0x0000000085e00000, 0x0000000085e00000, 0x0000000085f00000|  0%| F|  |TAMS 0x0000000085e00000| PB 0x0000000085e00000| Untracked |  0
|  71|0x0000000085f00000, 0x0000000085f00000, 0x0000000086000000|  0%| F|  |TAMS 0x0000000085f00000| PB 0x0000000085f00000| Untracked |  0
|  72|0x0000000086000000, 0x0000000086000000, 0x0000000086100000|  0%| F|  |TAMS 0x0000000086000000| PB 0x0000000086000000| Untracked |  0
|  73|0x0000000086100000, 0x0000000086100000, 0x0000000086200000|  0%| F|  |TAMS 0x0000000086100000| PB 0x0000000086100000| Untracked |  0
|  74|0x0000000086200000, 0x0000000086200000, 0x0000000086300000|  0%| F|  |TAMS 0x0000000086200000| PB 0x0000000086200000| Untracked |  0
|  75|0x0000000086300000, 0x0000000086300000, 0x0000000086400000|  0%| F|  |TAMS 0x0000000086300000| PB 0x0000000086300000| Untracked |  0
|  76|0x0000000086400000, 0x0000000086400000, 0x0000000086500000|  0%| F|  |TAMS 0x0000000086400000| PB 0x0000000086400000| Untracked |  0
|  77|0x0000000086500000, 0x0000000086500000, 0x0000000086600000|  0%| F|  |TAMS 0x0000000086500000| PB 0x0000000086500000| Untracked |  0
|  78|0x0000000086600000, 0x0000000086600000, 0x0000000086700000|  0%| F|  |TAMS 0x0000000086600000| PB 0x0000000086600000| Untracked |  0
|  79|0x0000000086700000, 0x0000000086700000, 0x0000000086800000|  0%| F|  |TAMS 0x0000000086700000| PB 0x0000000086700000| Untracked |  0
|  80|0x0000000086800000, 0x0000000086800000, 0x0000000086900000|  0%| F|  |TAMS 0x0000000086800000| PB 0x0000000086800000| Untracked |  0
|  81|0x0000000086900000, 0x0000000086900000, 0x0000000086a00000|  0%| F|  |TAMS 0x0000000086900000| PB 0x0000000086900000| Untracked |  0
|  82|0x0000000086a00000, 0x0000000086a00000, 0x0000000086b00000|  0%| F|  |TAMS 0x0000000086a00000| PB 0x0000000086a00000| Untracked |  0
|  83|0x0000000086b00000, 0x0000000086b00000, 0x0000000086c00000|  0%| F|  |TAMS 0x0000000086b00000| PB 0x0000000086b00000| Untracked |  0
|  84|0x0000000086c00000, 0x0000000086c00000, 0x0000000086d00000|  0%| F|  |TAMS 0x0000000086c00000| PB 0x0000000086c00000| Untracked |  0
|  85|0x0000000086d00000, 0x0000000086d00000, 0x0000000086e00000|  0%| F|  |TAMS 0x0000000086d00000| PB 0x0000000086d00000| Untracked |  0
|  86|0x0000000086e00000, 0x0000000086e00000, 0x0000000086f00000|  0%| F|  |TAMS 0x0000000086e00000| PB 0x0000000086e00000| Untracked |  0
|  87|0x0000000086f00000, 0x0000000086f00000, 0x0000000087000000|  0%| F|  |TAMS 0x0000000086f00000| PB 0x0000000086f00000| Untracked |  0
|  88|0x0000000087000000, 0x0000000087000000, 0x0000000087100000|  0%| F|  |TAMS 0x0000000087000000| PB 0x0000000087000000| Untracked |  0
|  89|0x0000000087100000, 0x0000000087100000, 0x0000000087200000|  0%| F|  |TAMS 0x0000000087100000| PB 0x0000000087100000| Untracked |  0
|  90|0x0000000087200000, 0x0000000087200000, 0x0000000087300000|  0%| F|  |TAMS 0x0000000087200000| PB 0x0000000087200000| Untracked |  0
|  91|0x0000000087300000, 0x0000000087300000, 0x0000000087400000|  0%| F|  |TAMS 0x0000000087300000| PB 0x0000000087300000| Untracked |  0
|  92|0x0000000087400000, 0x0000000087400000, 0x0000000087500000|  0%| F|  |TAMS 0x0000000087400000| PB 0x0000000087400000| Untracked |  0
|  93|0x0000000087500000, 0x0000000087500000, 0x0000000087600000|  0%| F|  |TAMS 0x0000000087500000| PB 0x0000000087500000| Untracked |  0
|  94|0x0000000087600000, 0x0000000087600000, 0x0000000087700000|  0%| F|  |TAMS 0x0000000087600000| PB 0x0000000087600000| Untracked |  0
|  95|0x0000000087700000, 0x0000000087700000, 0x0000000087800000|  0%| F|  |TAMS 0x0000000087700000| PB 0x0000000087700000| Untracked |  0
|  96|0x0000000087800000, 0x0000000087800000, 0x0000000087900000|  0%| F|  |TAMS 0x0000000087800000| PB 0x0000000087800000| Untracked |  0
|  97|0x0000000087900000, 0x0000000087900000, 0x0000000087a00000|  0%| F|  |TAMS 0x0000000087900000| PB 0x0000000087900000| Untracked |  0
|  98|0x0000000087a00000, 0x0000000087a00000, 0x0000000087b00000|  0%| F|  |TAMS 0x0000000087a00000| PB 0x0000000087a00000| Untracked |  0
|  99|0x0000000087b00000, 0x0000000087b00000, 0x0000000087c00000|  0%| F|  |TAMS 0x0000000087b00000| PB 0x0000000087b00000| Untracked |  0
| 100|0x0000000087c00000, 0x0000000087c00000, 0x0000000087d00000|  0%| F|  |TAMS 0x0000000087c00000| PB 0x0000000087c00000| Untracked |  0
| 101|0x0000000087d00000, 0x0000000087d00000, 0x0000000087e00000|  0%| F|  |TAMS 0x0000000087d00000| PB 0x0000000087d00000| Untracked |  0
| 102|0x0000000087e00000, 0x0000000087e00000, 0x0000000087f00000|  0%| F|  |TAMS 0x0000000087e00000| PB 0x0000000087e00000| Untracked |  0
| 103|0x0000000087f00000, 0x0000000087f00000, 0x0000000088000000|  0%| F|  |TAMS 0x0000000087f00000| PB 0x0000000087f00000| Untracked |  0
| 104|0x0000000088000000, 0x0000000088000000, 0x0000000088100000|  0%| F|  |TAMS 0x0000000088000000| PB 0x0000000088000000| Untracked |  0
| 105|0x0000000088100000, 0x0000000088100000, 0x0000000088200000|  0%| F|  |TAMS 0x0000000088100000| PB 0x0000000088100000| Untracked |  0
| 106|0x0000000088200000, 0x0000000088200000, 0x0000000088300000|  0%| F|  |TAMS 0x0000000088200000| PB 0x0000000088200000| Untracked |  0
| 107|0x0000000088300000, 0x0000000088300000, 0x0000000088400000|  0%| F|  |TAMS 0x0000000088300000| PB 0x0000000088300000| Untracked |  0
| 108|0x0000000088400000, 0x0000000088400000, 0x0000000088500000|  0%| F|  |TAMS 0x0000000088400000| PB 0x0000000088400000| Untracked |  0
| 109|0x0000000088500000, 0x0000000088500000, 0x0000000088600000|  0%| F|  |TAMS 0x0000000088500000| PB 0x0000000088500000| Untracked |  0
| 110|0x0000000088600000, 0x0000000088600000, 0x0000000088700000|  0%| F|  |TAMS 0x0000000088600000| PB 0x0000000088600000| Untracked |  0
| 111|0x0000000088700000, 0x0000000088700000, 0x0000000088800000|  0%| F|  |TAMS 0x0000000088700000| PB 0x0000000088700000| Untracked |  0
| 112|0x0000000088800000, 0x0000000088800000, 0x0000000088900000|  0%| F|  |TAMS 0x0000000088800000| PB 0x0000000088800000| Untracked |  0
| 113|0x0000000088900000, 0x0000000088900000, 0x0000000088a00000|  0%| F|  |TAMS 0x0000000088900000| PB 0x0000000088900000| Untracked |  0
| 114|0x0000000088a00000, 0x0000000088a00000, 0x0000000088b00000|  0%| F|  |TAMS 0x0000000088a00000| PB 0x0000000088a00000| Untracked |  0
| 115|0x0000000088b00000, 0x0000000088b00000, 0x0000000088c00000|  0%| F|  |TAMS 0x0000000088b00000| PB 0x0000000088b00000| Untracked |  0
| 116|0x0000000088c00000, 0x0000000088c00000, 0x0000000088d00000|  0%| F|  |TAMS 0x0000000088c00000| PB 0x0000000088c00000| Untracked |  0
| 117|0x0000000088d00000, 0x0000000088d00000, 0x0000000088e00000|  0%| F|  |TAMS 0x0000000088d00000| PB 0x0000000088d00000| Untracked |  0
| 118|0x0000000088e00000, 0x0000000088e00000, 0x0000000088f00000|  0%| F|  |TAMS 0x0000000088e00000| PB 0x0000000088e00000| Untracked |  0
| 119|0x0000000088f00000, 0x0000000088f00000, 0x0000000089000000|  0%| F|  |TAMS 0x0000000088f00000| PB 0x0000000088f00000| Untracked |  0
| 120|0x0000000089000000, 0x0000000089000000, 0x0000000089100000|  0%| F|  |TAMS 0x0000000089000000| PB 0x0000000089000000| Untracked |  0
| 121|0x0000000089100000, 0x0000000089100000, 0x0000000089200000|  0%| F|  |TAMS 0x0000000089100000| PB 0x0000000089100000| Untracked |  0
| 122|0x0000000089200000, 0x0000000089200000, 0x0000000089300000|  0%| F|  |TAMS 0x0000000089200000| PB 0x0000000089200000| Untracked |  0
| 123|0x0000000089300000, 0x0000000089300000, 0x0000000089400000|  0%| F|  |TAMS 0x0000000089300000| PB 0x0000000089300000| Untracked |  0
| 124|0x0000000089400000, 0x0000000089400000, 0x0000000089500000|  0%| F|  |TAMS 0x0000000089400000| PB 0x0000000089400000| Untracked |  0
| 125|0x0000000089500000, 0x0000000089600000, 0x0000000089600000|100%| E|  |TAMS 0x0000000089500000| PB 0x0000000089500000| Complete |  0
| 126|0x0000000089600000, 0x0000000089700000, 0x0000000089700000|100%| E|CS|TAMS 0x0000000089600000| PB 0x0000000089600000| Complete |  0
| 127|0x0000000089700000, 0x0000000089800000, 0x0000000089800000|100%| E|CS|TAMS 0x0000000089700000| PB 0x0000000089700000| Complete |  0

Card table byte_map: [0x000001aa18bf0000,0x000001aa18ff0000] _byte_map_base: 0x000001aa187e4000

Marking Bits: (CMBitMap*) 0x000001aa7f9e5b70
 Bits: [0x000001aa18ff0000, 0x000001aa1af90000)

Polling page: 0x000001aa7f160000

Metaspace:

Usage:
  Non-class:      6.55 MB used.
      Class:    501.38 KB used.
       Both:      7.04 MB used.

Virtual space:
  Non-class space:       64.00 MB reserved,       6.56 MB ( 10%) committed,  1 nodes.
      Class space:        1.00 GB reserved,     512.00 KB ( <1%) committed,  1 nodes.
             Both:        1.06 GB reserved,       7.06 MB ( <1%) committed. 

Chunk freelists:
   Non-Class:  8.94 MB
       Class:  15.50 MB
        Both:  24.44 MB

MaxMetaspaceSize: unlimited
CompressedClassSpaceSize: 1.00 GB
Initial GC threshold: 21.00 MB
Current GC threshold: 21.00 MB
CDS: off
 - commit_granule_bytes: 65536.
 - commit_granule_words: 8192.
 - virtual_space_node_default_size: 8388608.
 - enlarge_chunks_in_place: 1.
UseCompressedClassPointers 1, UseCompactObjectHeaders 0
Narrow klass pointer bits 32, Max shift 3
Narrow klass base: 0x0000000000000000, Narrow klass shift: 0
Encoding Range: [0x0000000000000000 - 0x0000000100000000), (4294967296 bytes)
Klass Range:    [0x0000000008000000 - 0x0000000048000000), (1073741824 bytes)
Klass ID Range:  [134217728 - 1207959545) (1073741817)


Internal statistics:

num_allocs_failed_limit: 0.
num_arena_births: 14.
num_arena_deaths: 0.
num_vsnodes_births: 2.
num_vsnodes_deaths: 0.
num_space_committed: 113.
num_space_uncommitted: 0.
num_chunks_returned_to_freelist: 0.
num_chunks_taken_from_freelist: 27.
num_chunk_merges: 0.
num_chunk_splits: 14.
num_chunks_enlarged: 8.
num_inconsistent_stats: 0.

CodeHeap 'non-profiled nmethods': size=120064Kb used=50Kb max_used=50Kb free=120013Kb
 bounds [0x000001aa116b0000, 0x000001aa11920000, 0x000001aa18bf0000]
CodeHeap 'profiled nmethods': size=120000Kb used=137Kb max_used=137Kb free=119862Kb
 bounds [0x000001aa09bf0000, 0x000001aa09e60000, 0x000001aa11120000]
CodeHeap 'non-nmethods': size=5696Kb used=1215Kb max_used=1229Kb free=4480Kb
 bounds [0x000001aa11120000, 0x000001aa11390000, 0x000001aa116b0000]
CodeCache: size=245760Kb, used=1402Kb, max_used=1416Kb, free=244355Kb
 total_blobs=547, nmethods=164, adapters=289, full_count=0
Compilation: enabled, stopped_count=0, restarted_count=0

Compilation events (20 events):
Event: 1.645 Thread 0x000001aa1d3bceb0  154       1       java.lang.Module::getDescriptor (5 bytes)
Event: 1.645 Thread 0x000001aa1d3bceb0 nmethod 154 0x000001aa116bb908 code [0x000001aa116bba00, 0x000001aa116bbac8]
Event: 1.645 Thread 0x000001aa1d3bceb0  155       1       java.lang.module.ModuleDescriptor::provides (5 bytes)
Event: 1.645 Thread 0x000001aa1d3bceb0 nmethod 155 0x000001aa116bbc08 code [0x000001aa116bbd00, 0x000001aa116bbdc8]
Event: 1.648 Thread 0x000001aa1d3bceb0  156       3       java.lang.String::checkBoundsBeginEnd (11 bytes)
Event: 1.648 Thread 0x000001aa1d3bceb0 nmethod 156 0x000001aa09c10788 code [0x000001aa09c108c0, 0x000001aa09c10ae0]
Event: 1.649 Thread 0x000001aa1d3bceb0  157       3       java.lang.String::isEmpty (14 bytes)
Event: 1.650 Thread 0x000001aa1d3bceb0 nmethod 157 0x000001aa09c10b08 code [0x000001aa09c10c20, 0x000001aa09c10d80]
Event: 1.672 Thread 0x000001aa1d3bceb0  158       3       java.util.concurrent.ConcurrentHashMap$Node::<init> (20 bytes)
Event: 1.672 Thread 0x000001aa1d3b6840  160       4       java.lang.String::charAt (25 bytes)
Event: 1.672 Thread 0x000001aa1d3bceb0 nmethod 158 0x000001aa09c10e08 code [0x000001aa09c10f20, 0x000001aa09c11148]
Event: 1.672 Thread 0x000001aa1d3bceb0  159       1       java.nio.Buffer::limit (5 bytes)
Event: 1.672 Thread 0x000001aa1d3bceb0 nmethod 159 0x000001aa116bc208 code [0x000001aa116bc300, 0x000001aa116bc3c8]
Event: 1.672 Thread 0x000001aa1d3bceb0  161       3       jdk.internal.module.ModuleReferenceImpl::hashCode (56 bytes)
Event: 1.673 Thread 0x000001aa1d3bceb0 nmethod 161 0x000001aa09c11188 code [0x000001aa09c112e0, 0x000001aa09c117a8]
Event: 1.673 Thread 0x000001aa1d3bceb0  163       3       jdk.internal.jimage.ImageStringsReader::unmaskedHashCode (166 bytes)
Event: 1.674 Thread 0x000001aa1d3b6840 nmethod 160 0x000001aa116bc508 code [0x000001aa116bc620, 0x000001aa116bc730]
Event: 1.674 Thread 0x000001aa1d3b6840  164       4       java.nio.DirectByteBuffer::ix (10 bytes)
Event: 1.675 Thread 0x000001aa1d3b6840 nmethod 164 0x000001aa116bc808 code [0x000001aa116bc900, 0x000001aa116bc980]
Event: 1.675 Thread 0x000001aa1d3bceb0 nmethod 163 0x000001aa09c11808 code [0x000001aa09c119c0, 0x000001aa09c12618]

GC Heap History (0 events):
No events

Dll operation events (7 events):
Event: 0.034 Loaded shared library C:\Program Files\Java\jdk-24\bin\java.dll
Event: 0.706 Loaded shared library C:\Program Files\Java\jdk-24\bin\jsvml.dll
Event: 0.945 Loaded shared library C:\Program Files\Java\jdk-24\bin\net.dll
Event: 0.948 Loaded shared library C:\Program Files\Java\jdk-24\bin\nio.dll
Event: 1.519 Loaded shared library C:\Program Files\Java\jdk-24\bin\zip.dll
Event: 1.586 Loaded shared library C:\Program Files\Java\jdk-24\bin\jimage.dll
Event: 1.671 Loaded shared library C:\Program Files\Java\jdk-24\bin\attach.dll

Deoptimization events (0 events):
No events

Classes loaded (20 events):
Event: 1.651 Loading class java/util/ServiceLoader$ProviderImpl
Event: 1.651 Loading class java/util/ServiceLoader$Provider
Event: 1.651 Loading class java/util/ServiceLoader$Provider done
Event: 1.651 Loading class java/util/ServiceLoader$ProviderImpl done
Event: 1.671 Loading class jdk/internal/module/Resources
Event: 1.672 Loading class jdk/internal/module/Resources done
Event: 1.673 Loading class java/util/Collections$EmptyEnumeration
Event: 1.673 Loading class java/util/Collections$EmptyEnumeration done
Event: 1.673 Loading class jdk/internal/loader/BuiltinClassLoader$1
Event: 1.673 Loading class jdk/internal/loader/BuiltinClassLoader$1 done
Event: 1.674 Loading class java/lang/CompoundEnumeration
Event: 1.674 Loading class java/lang/CompoundEnumeration done
Event: 1.674 Loading class jdk/internal/loader/URLClassPath$1
Event: 1.674 Loading class jdk/internal/loader/URLClassPath$1 done
Event: 1.675 Loading class java/util/Collections$UnmodifiableList
Event: 1.683 Loading class java/util/Collections$UnmodifiableCollection
Event: 1.684 Loading class java/util/Collections$UnmodifiableCollection done
Event: 1.684 Loading class java/util/Collections$UnmodifiableList done
Event: 1.684 Loading class java/util/Collections$UnmodifiableRandomAccessList
Event: 1.684 Loading class java/util/Collections$UnmodifiableRandomAccessList done

Classes unloaded (0 events):
No events

Classes redefined (0 events):
No events

Internal exceptions (0 events):
No events

VM Operations (2 events):
Event: 1.535 Executing VM operation: HandshakeAllThreads (Deoptimize)
Event: 1.535 Executing VM operation: HandshakeAllThreads (Deoptimize) done

Memory protections (0 events):
No events

Nmethod flushes (0 events):
No events

Events (11 events):
Event: 0.049 Thread 0x000001aa7eb4c560 Thread added: 0x000001aa7eb4c560
Event: 0.700 Thread 0x000001aa7eb4c560 Thread added: 0x000001aa1d39c4c0
Event: 0.700 Thread 0x000001aa7eb4c560 Thread added: 0x000001aa1d39e220
Event: 0.703 Thread 0x000001aa7eb4c560 Thread added: 0x000001aa1d3aa500
Event: 0.703 Thread 0x000001aa7eb4c560 Thread added: 0x000001aa1d3ab030
Event: 0.703 Thread 0x000001aa7eb4c560 Thread added: 0x000001aa1d3abb60
Event: 0.703 Thread 0x000001aa7eb4c560 Thread added: 0x000001aa1d3ac690
Event: 0.703 Thread 0x000001aa7eb4c560 Thread added: 0x000001aa1d3b6840
Event: 0.704 Thread 0x000001aa7eb4c560 Thread added: 0x000001aa1d3bceb0
Event: 0.889 Thread 0x000001aa7eb4c560 Thread added: 0x000001aa1d57ed30
Event: 0.929 Thread 0x000001aa7eb4c560 Thread added: 0x000001aa1d587cb0


Dynamic libraries:
0x00007ff7c5ee0000 - 0x00007ff7c5ef0000 	C:\Program Files\Java\jdk-24\bin\java.exe
0x00007ffd12db0000 - 0x00007ffd12fa8000 	C:\Windows\SYSTEM32\ntdll.dll
0x00007ffd10e20000 - 0x00007ffd10ee2000 	C:\Windows\System32\KERNEL32.DLL
0x00007ffd104d0000 - 0x00007ffd107c6000 	C:\Windows\System32\KERNELBASE.dll
0x00007ffd10cb0000 - 0x00007ffd10db0000 	C:\Windows\System32\ucrtbase.dll
0x00007ffd0d560000 - 0x00007ffd0d576000 	C:\Program Files\Java\jdk-24\bin\jli.dll
0x00007ffd0d580000 - 0x00007ffd0d59b000 	C:\Program Files\Java\jdk-24\bin\VCRUNTIME140.dll
0x00007ffd118d0000 - 0x00007ffd11a6d000 	C:\Windows\System32\USER32.dll
0x00007ffcfcdf0000 - 0x00007ffcfd08a000 	C:\Windows\WinSxS\amd64_microsoft.windows.common-controls_6595b64144ccf1df_6.0.19041.5794_none_60bcd33171f2783c\COMCTL32.dll
0x00007ffd10db0000 - 0x00007ffd10dd2000 	C:\Windows\System32\win32u.dll
0x00007ffd10f10000 - 0x00007ffd10fae000 	C:\Windows\System32\msvcrt.dll
0x00007ffd12740000 - 0x00007ffd1276b000 	C:\Windows\System32\GDI32.dll
0x00007ffd10aa0000 - 0x00007ffd10bba000 	C:\Windows\System32\gdi32full.dll
0x00007ffd10c10000 - 0x00007ffd10cad000 	C:\Windows\System32\msvcp_win.dll
0x00007ffd10df0000 - 0x00007ffd10e1f000 	C:\Windows\System32\IMM32.DLL
0x00007ffd0da60000 - 0x00007ffd0da6c000 	C:\Program Files\Java\jdk-24\bin\vcruntime140_1.dll
0x00007ffcf5390000 - 0x00007ffcf541e000 	C:\Program Files\Java\jdk-24\bin\msvcp140.dll
0x00007ffcd86a0000 - 0x00007ffcd9442000 	C:\Program Files\Java\jdk-24\bin\server\jvm.dll
0x00007ffd12be0000 - 0x00007ffd12c8f000 	C:\Windows\System32\ADVAPI32.dll
0x00007ffd11d00000 - 0x00007ffd11d9f000 	C:\Windows\System32\sechost.dll
0x00007ffd11e50000 - 0x00007ffd11f73000 	C:\Windows\System32\RPCRT4.dll
0x00007ffd10860000 - 0x00007ffd10887000 	C:\Windows\System32\bcrypt.dll
0x00007ffd12610000 - 0x00007ffd1267b000 	C:\Windows\System32\WS2_32.dll
0x00007ffd0fb30000 - 0x00007ffd0fb7b000 	C:\Windows\SYSTEM32\POWRPROF.dll
0x00007ffd09e90000 - 0x00007ffd09eb7000 	C:\Windows\SYSTEM32\WINMM.dll
0x00007ffd05900000 - 0x00007ffd0590a000 	C:\Windows\SYSTEM32\VERSION.dll
0x00007ffd0fa80000 - 0x00007ffd0fa92000 	C:\Windows\SYSTEM32\UMPDC.dll
0x00007ffd0e2b0000 - 0x00007ffd0e2c2000 	C:\Windows\SYSTEM32\kernel.appcore.dll
0x00007ffd0d4a0000 - 0x00007ffd0d4aa000 	C:\Program Files\Java\jdk-24\bin\jimage.dll
0x00007ffd05930000 - 0x00007ffd05b31000 	C:\Windows\SYSTEM32\DBGHELP.DLL
0x00007ffd04cf0000 - 0x00007ffd04d24000 	C:\Windows\SYSTEM32\dbgcore.DLL
0x00007ffd107d0000 - 0x00007ffd10852000 	C:\Windows\System32\bcryptPrimitives.dll
0x00007ffd0d480000 - 0x00007ffd0d49e000 	C:\Program Files\Java\jdk-24\bin\java.dll
0x00007ffd123f0000 - 0x00007ffd1251b000 	C:\Windows\System32\ole32.dll
0x00007ffd12090000 - 0x00007ffd123e3000 	C:\Windows\System32\combase.dll
0x00007ffd11160000 - 0x00007ffd118ce000 	C:\Windows\System32\SHELL32.dll
0x00007ffd0e4b0000 - 0x00007ffd0ec53000 	C:\Windows\SYSTEM32\windows.storage.dll
0x00007ffd0fda0000 - 0x00007ffd0fdcb000 	C:\Windows\SYSTEM32\Wldp.dll
0x00007ffd12540000 - 0x00007ffd1260d000 	C:\Windows\System32\OLEAUT32.dll
0x00007ffd11f80000 - 0x00007ffd1202d000 	C:\Windows\System32\SHCORE.dll
0x00007ffd12030000 - 0x00007ffd12085000 	C:\Windows\System32\shlwapi.dll
0x00007ffd10380000 - 0x00007ffd103a5000 	C:\Windows\SYSTEM32\profapi.dll
0x00007ffcf36f0000 - 0x00007ffcf37c7000 	C:\Program Files\Java\jdk-24\bin\jsvml.dll
0x00007ffd0d470000 - 0x00007ffd0d480000 	C:\Program Files\Java\jdk-24\bin\net.dll
0x00007ffd0fb80000 - 0x00007ffd0fbec000 	C:\Windows\system32\mswsock.dll
0x00007ffd0d2c0000 - 0x00007ffd0d2d6000 	C:\Program Files\Java\jdk-24\bin\nio.dll
0x00007ffd09ca0000 - 0x00007ffd09cb7000 	C:\Program Files\Java\jdk-24\bin\zip.dll
0x00007ffd056e0000 - 0x00007ffd056e9000 	C:\Program Files\Java\jdk-24\bin\attach.dll
0x00007ffd10de0000 - 0x00007ffd10de8000 	C:\Windows\System32\PSAPI.DLL

JVMTI agents: none

dbghelp: loaded successfully - version: 4.0.5 - missing functions: none
symbol engine: initialized successfully - sym options: 0x614 - pdb path: .;C:\Program Files\Java\jdk-24\bin;C:\Windows\SYSTEM32;C:\Windows\WinSxS\amd64_microsoft.windows.common-controls_6595b64144ccf1df_6.0.19041.5794_none_60bcd33171f2783c;C:\Program Files\Java\jdk-24\bin\server

VM Arguments:
jvm_args: -Dnet.bytebuddy.agent.attacher.dump= 
java_command: net.bytebuddy.agent.Attacher com.sun.tools.attach.VirtualMachine 3688 C:\Users\K\.m2\repository\net\bytebuddy\byte-buddy-agent\1.17.6\byte-buddy-agent-1.17.6.jar false 
java_class_path (initial): C:\Users\K\.m2\repository\net\bytebuddy\byte-buddy-agent\1.17.6\byte-buddy-agent-1.17.6.jar
Launcher Type: SUN_STANDARD

[Global flags]
     intx CICompilerCount                          = 3                                         {product} {ergonomic}
     uint ConcGCThreads                            = 1                                         {product} {ergonomic}
     uint G1ConcRefinementThreads                  = 4                                         {product} {ergonomic}
   size_t G1HeapRegionSize                         = 1048576                                   {product} {ergonomic}
   size_t InitialHeapSize                          = 134217728                                 {product} {ergonomic}
   size_t MarkStackSize                            = 4194304                                   {product} {ergonomic}
   size_t MarkStackSizeMax                         = 536870912                                 {product} {ergonomic}
   size_t MaxHeapSize                              = 2122317824                                {product} {ergonomic}
   size_t MaxNewSize                               = 1272971264                                {product} {ergonomic}
   size_t MinHeapDeltaBytes                        = 1048576                                   {product} {ergonomic}
   size_t MinHeapSize                              = 8388608                                   {product} {ergonomic}
    uintx NonNMethodCodeHeapSize                   = 5832704                                {pd product} {ergonomic}
    uintx NonProfiledCodeHeapSize                  = 122945536                              {pd product} {ergonomic}
    uintx ProfiledCodeHeapSize                     = 122880000                              {pd product} {ergonomic}
    uintx ReservedCodeCacheSize                    = 251658240                              {pd product} {ergonomic}
     bool SegmentedCodeCache                       = true                                      {product} {ergonomic}
   size_t SoftMaxHeapSize                          = 2122317824                             {manageable} {ergonomic}
     bool UseCompressedOops                        = true                           {product lp64_product} {ergonomic}
     bool UseG1GC                                  = true                                      {product} {ergonomic}
     bool UseLargePagesIndividualAllocation        = false                                  {pd product} {ergonomic}

Logging:
Log output configuration:
 #0: stdout all=warning uptime,level,tags foldmultilines=false
 #1: stderr all=off uptime,level,tags foldmultilines=false

Environment Variables:
JAVA_HOME=C:\Program Files\Java\jdk-24
PATH=C:\Program Files\Java\jdk-24\bin;C:\Program Files\Common Files\Oracle\Java\javapath;C:\Windows\system32;C:\Windows;C:\Windows\System32\Wbem;C:\Windows\System32\WindowsPowerShell\v1.0\;C:\Windows\System32\OpenSSH\;C:\Program Files\Git\cmd;C:\Program Files\nodejs\;C:\Program Files\Docker\Docker\resources\bin;C:\Users\K\AppData\Local\Microsoft\WindowsApps;;C:\Program Files\JetBrains\IntelliJ IDEA 2024.3\bin;;C:\Users\K\AppData\Local\Programs\Microsoft VS Code\bin;C:\Users\K\AppData\Roaming\npm
USERNAME=K
OS=Windows_NT
PROCESSOR_IDENTIFIER=Intel64 Family 6 Model 60 Stepping 3, GenuineIntel
TMP=C:\Users\K\AppData\Local\Temp
TEMP=C:\Users\K\AppData\Local\Temp




Periodic native trim disabled

---------------  S Y S T E M  ---------------

OS:
 Windows 10 , 64 bit Build 19041 (10.0.19041.5794)
OS uptime: 3 days 1:20 hours
Hyper-V role detected

CPU: total 4 (initial active 4) (4 cores per cpu, 1 threads per core) family 6 model 60 stepping 3 microcode 0x27, cx8, cmov, fxsr, mmx, sse, sse2, sse3, ssse3, sse4.1, sse4.2, popcnt, lzcnt, tsc, tscinvbit, avx, avx2, aes, erms, clmul, bmi1, bmi2, fma, vzeroupper, clflush, hv, rdtscp, f16c
Processor Information for the first 4 processors :
  Max Mhz: 3301, Current Mhz: 3301, Mhz Limit: 3301

Memory: 4k page, system-wide physical 8092M (450M free)
TotalPageFile size 10427M (AvailPageFile size 0M)
current process WorkingSet (physical memory assigned to process): 32M, peak: 32M
current process commit charge ("private bytes"): 196M, peak: 196M

vm_info: Java HotSpot(TM) 64-Bit Server VM (24.0.1+9-30) for windows-amd64 JRE (24.0.1+9-30), built on 2025-03-05T07:23:45Z with MS VC++ 17.6 (VS2022)

END.
