#
# There is insufficient memory for the Java Runtime Environment to continue.
# Native memory allocation (mmap) failed to map 65536 bytes. Error detail: Failed to commit metaspace.
# Possible reasons:
#   The system is out of physical RAM or swap space
#   This process is running with CompressedOops enabled, and the Java Heap may be blocking the growth of the native heap
# Possible solutions:
#   Reduce memory load on the system
#   Increase physical memory or swap space
#   Check if swap backing store is full
#   Decrease Java heap size (-Xmx/-Xms)
#   Decrease number of Java threads
#   Decrease Java thread stack sizes (-Xss)
#   Set larger code cache with -XX:ReservedCodeCacheSize=
#   JVM is running with Unscaled Compressed Oops mode in which the Java heap is
#     placed in the first 4GB address space. The Java Heap base address is the
#     maximum limit for the native heap growth. Please use -XX:HeapBaseMinAddress
#     to set the Java Heap base and to place the Java Heap above 4GB virtual address.
# This output file may be truncated or incomplete.
#
#  Out of Memory Error (virtualSpaceNode.cpp:113), pid=4664, tid=10388
#
# JRE version: Java(TM) SE Runtime Environment (24.0.1+9) (build 24.0.1+9-30)
# Java VM: Java HotSpot(TM) 64-Bit Server VM (24.0.1+9-30, mixed mode, tiered, compressed oops, compressed class ptrs, g1 gc, windows-amd64)
# No core dump will be written. Minidumps are not enabled by default on client versions of Windows
#

---------------  S U M M A R Y ------------

Command Line: -Dnet.bytebuddy.agent.attacher.dump= net.bytebuddy.agent.Attacher com.sun.tools.attach.VirtualMachine 3688 C:\Users\K\.m2\repository\net\bytebuddy\byte-buddy-agent\1.17.6\byte-buddy-agent-1.17.6.jar false 

Host: Intel(R) Core(TM) i5-4590 CPU @ 3.30GHz, 4 cores, 7G,  Windows 10 , 64 bit Build 19041 (10.0.19041.5794)
Time: Sun Aug 17 03:01:01 2025 Pacific Summer Time elapsed time: 0.238781 seconds (0d 0h 0m 0s)

---------------  T H R E A D  ---------------

Current thread (0x000001d6c0c5caf0):  JavaThread "main"             [_thread_in_vm, id=10388, stack(0x0000005100d00000,0x0000005100e00000) (1024K)]

Stack: [0x0000005100d00000,0x0000005100e00000]
Native frames: (J=compiled Java code, j=interpreted, Vv=VM code, C=native code)
V  [jvm.dll+0x730739]  (no source info available)
V  [jvm.dll+0x8d9b23]  (no source info available)
V  [jvm.dll+0x8dc00d]  (no source info available)
V  [jvm.dll+0x8dc683]  (no source info available)
V  [jvm.dll+0x2aa086]  (no source info available)
V  [jvm.dll+0x8d56de]  (no source info available)
V  [jvm.dll+0x6ccd85]  (no source info available)
V  [jvm.dll+0x20a71c]  (no source info available)
V  [jvm.dll+0x20a4ee]  (no source info available)
V  [jvm.dll+0x6cf9a7]  (no source info available)
V  [jvm.dll+0x6cf567]  (no source info available)
V  [jvm.dll+0x24c75c]  (no source info available)
V  [jvm.dll+0x6cd7a8]  (no source info available)
V  [jvm.dll+0x3fbe15]  (no source info available)
V  [jvm.dll+0x23322b]  (no source info available)
V  [jvm.dll+0x6000cd]  (no source info available)
V  [jvm.dll+0x24391d]  (no source info available)
V  [jvm.dll+0x84a6be]  (no source info available)
V  [jvm.dll+0x84b878]  (no source info available)
V  [jvm.dll+0x84bdc3]  (no source info available)
V  [jvm.dll+0x84bb06]  (no source info available)
V  [jvm.dll+0x293b78]  (no source info available)
V  [jvm.dll+0x412e16]  (no source info available)
C  0x000001d6d2c1a3e7  (no source info available)

The last pc belongs to anewarray (printed below).
Java frames: (J=compiled Java code, j=interpreted, Vv=VM code)
j  jdk.internal.classfile.impl.StackMapGenerator.<clinit>()V+1 java.base@24.0.1
v  ~StubRoutines::call_stub 0x000001d6d2c00fcd
j  jdk.internal.classfile.impl.DirectCodeBuilder$4.generateStackMaps(Ljdk/internal/classfile/impl/BufWriterImpl;)V+7 java.base@24.0.1
j  jdk.internal.classfile.impl.DirectCodeBuilder$4.tryGenerateStackMaps(ZLjdk/internal/classfile/impl/BufWriterImpl;)V+11 java.base@24.0.1
j  jdk.internal.classfile.impl.DirectCodeBuilder$4.writeBody(Ljdk/internal/classfile/impl/BufWriterImpl;)V+171 java.base@24.0.1
j  jdk.internal.classfile.impl.UnboundAttribute$AdHocAttribute.writeTo(Ljdk/internal/classfile/impl/BufWriterImpl;)V+30 java.base@24.0.1
j  jdk.internal.classfile.impl.Util.writeAttribute(Ljdk/internal/classfile/impl/BufWriterImpl;Ljava/lang/classfile/Attribute;)V+61 java.base@24.0.1
j  jdk.internal.classfile.impl.AttributeHolder.writeTo(Ljdk/internal/classfile/impl/BufWriterImpl;)V+24 java.base@24.0.1
j  jdk.internal.classfile.impl.DirectMethodBuilder.writeTo(Ljdk/internal/classfile/impl/BufWriterImpl;)V+29 java.base@24.0.1
j  jdk.internal.classfile.impl.Util.writeList(Ljdk/internal/classfile/impl/BufWriterImpl;[Ljdk/internal/classfile/impl/Util$Writable;I)V+16 java.base@24.0.1
j  jdk.internal.classfile.impl.DirectClassBuilder.build()[B+170 java.base@24.0.1
j  jdk.internal.classfile.impl.ClassFileImpl.build(Ljava/lang/classfile/constantpool/ClassEntry;Ljava/lang/classfile/constantpool/ConstantPoolBuilder;Ljava/util/function/Consumer;)[B+34 java.base@24.0.1
j  java.lang.invoke.InnerClassLambdaMetafactory.generateInnerClass()Ljava/lang/Class;+175 java.base@24.0.1
j  java.lang.invoke.InnerClassLambdaMetafactory.spinInnerClass()Ljava/lang/Class;+120 java.base@24.0.1
j  java.lang.invoke.InnerClassLambdaMetafactory.buildCallSite()Ljava/lang/invoke/CallSite;+1 java.base@24.0.1
j  java.lang.invoke.LambdaMetafactory.metafactory(Ljava/lang/invoke/MethodHandles$Lookup;Ljava/lang/String;Ljava/lang/invoke/MethodType;Ljava/lang/invoke/MethodType;Ljava/lang/invoke/MethodHandle;Ljava/lang/invoke/MethodType;)Ljava/lang/invoke/CallSite;+67 java.base@24.0.1
j  java.lang.invoke.DirectMethodHandle$Holder.invokeStatic(Ljava/lang/Object;Ljava/lang/Object;Ljava/lang/Object;Ljava/lang/Object;Ljava/lang/Object;Ljava/lang/Object;Ljava/lang/Object;)Ljava/lang/Object;+20 java.base@24.0.1
j  java.lang.invoke.BootstrapMethodInvoker.invoke(Ljava/lang/Class;Ljava/lang/invoke/MethodHandle;Ljava/lang/String;Ljava/lang/Object;Ljava/lang/Object;Ljava/lang/Class;)Ljava/lang/Object;+319 java.base@24.0.1
j  java.lang.invoke.CallSite.makeSite(Ljava/lang/invoke/MethodHandle;Ljava/lang/String;Ljava/lang/invoke/MethodType;Ljava/lang/Object;Ljava/lang/Class;)Ljava/lang/invoke/CallSite;+8 java.base@24.0.1
j  java.lang.invoke.MethodHandleNatives.linkCallSiteImpl(Ljava/lang/Class;Ljava/lang/invoke/MethodHandle;Ljava/lang/String;Ljava/lang/invoke/MethodType;Ljava/lang/Object;[Ljava/lang/Object;)Ljava/lang/invoke/MemberName;+6 java.base@24.0.1
j  java.lang.invoke.MethodHandleNatives.linkCallSite(Ljava/lang/Object;Ljava/lang/Object;Ljava/lang/Object;Ljava/lang/Object;Ljava/lang/Object;[Ljava/lang/Object;)Ljava/lang/invoke/MemberName;+45 java.base@24.0.1
v  ~StubRoutines::call_stub 0x000001d6d2c00fcd
j  java.util.ResourceBundle$Control.<clinit>()V+39 java.base@24.0.1
v  ~StubRoutines::call_stub 0x000001d6d2c00fcd
j  java.util.ResourceBundle.getDefaultControl(Ljava/lang/Module;Ljava/lang/String;)Ljava/util/ResourceBundle$Control;+7 java.base@24.0.1
j  java.util.ResourceBundle.getDefaultControl(Ljava/lang/Class;Ljava/lang/String;)Ljava/util/ResourceBundle$Control;+7 java.base@24.0.1
j  java.util.ResourceBundle.getBundle(Ljava/lang/String;)Ljava/util/ResourceBundle;+11 java.base@24.0.1
j  sun.launcher.LauncherHelper$ResourceBundleHolder.<clinit>()V+2 java.base@24.0.1
v  ~StubRoutines::call_stub 0x000001d6d2c00fcd
j  sun.launcher.LauncherHelper.getLocalizedMessage(Ljava/lang/String;[Ljava/lang/Object;)Ljava/lang/String;+0 java.base@24.0.1
j  sun.launcher.LauncherHelper.abort(Ljava/lang/Throwable;Ljava/lang/String;[Ljava/lang/Object;)V+9 java.base@24.0.1
j  sun.launcher.LauncherHelper.loadMainClass(ILjava/lang/String;)Ljava/lang/Class;+338 java.base@24.0.1
j  sun.launcher.LauncherHelper.checkAndLoadMain(ZILjava/lang/String;)Ljava/lang/Class;+42 java.base@24.0.1
v  ~StubRoutines::call_stub 0x000001d6d2c00fcd
Lock stack of current Java thread (top to bottom):

anewarray  189 anewarray  [0x000001d6d2c1a380, 0x000001d6d2c1a470]  240 bytes
[MachCode]
  0x000001d6d2c1a380: 8b04 2448 | 83c4 0845 | 0fb7 4501 | 410f c841 | c1e8 1048 | 8b55 e848 | 8b52 0848 | 8b52 08e8 
  0x000001d6d2c1a3a0: 0500 0000 | e9ab 0000 | 004c 8bc8 | 488d 4424 | 084c 896d | c049 8bcf | c5f8 7749 | 89af b803 
  0x000001d6d2c1a3c0: 0000 4989 | 87a8 0300 | 0048 83ec | 2040 f6c4 | 0f0f 8419 | 0000 0048 | 83ec 0848 | b8c0 2dab 
  0x000001d6d2c1a3e0: d8fc 7f00 | 00ff d048 | 83c4 08e9 | 0c00 0000 | 48b8 c02d | abd8 fc7f | 0000 ffd0 | 4883 c420 
  0x000001d6d2c1a400: 49c7 87a8 | 0300 0000 | 0000 0049 | c787 b803 | 0000 0000 | 0000 49c7 | 87b0 0300 | 0000 0000 
  0x000001d6d2c1a420: 00c5 f877 | 4983 7f08 | 000f 8405 | 0000 00e9 | 8c6a feff | 498b 8700 | 0400 0049 | c787 0004 
  0x000001d6d2c1a440: 0000 0000 | 0000 4c8b | 6dc0 4c8b | 75c8 4e8d | 74f5 00c3 | 410f b65d | 0349 83c5 | 0349 ba30 
  0x000001d6d2c1a460: 8937 d9fc | 7f00 0041 | ff24 da0f | 1f44 0000 
[/MachCode]

---------------  P R O C E S S  ---------------

Threads class SMR info:
_java_thread_list=0x000001d6df4f69f0, length=11, elements={
0x000001d6c0c5caf0, 0x000001d6df363d40, 0x000001d6df3791f0, 0x000001d6df386e00,
0x000001d6df387930, 0x000001d6df388a70, 0x000001d6df3895a0, 0x000001d6df38aa10,
0x000001d6df3a2e30, 0x000001d6df51c900, 0x000001d6df523870
}

Java Threads: ( => current thread )
=>0x000001d6c0c5caf0 JavaThread "main"                              [_thread_in_vm, id=10388, stack(0x0000005100d00000,0x0000005100e00000) (1024K)]
  0x000001d6df363d40 JavaThread "Reference Handler"          daemon [_thread_blocked, id=1452, stack(0x0000005101500000,0x0000005101600000) (1024K)]
  0x000001d6df3791f0 JavaThread "Finalizer"                  daemon [_thread_blocked, id=6368, stack(0x0000005101600000,0x0000005101700000) (1024K)]
  0x000001d6df386e00 JavaThread "Signal Dispatcher"          daemon [_thread_blocked, id=2588, stack(0x0000005101700000,0x0000005101800000) (1024K)]
  0x000001d6df387930 JavaThread "Attach Listener"            daemon [_thread_blocked, id=8552, stack(0x0000005101800000,0x0000005101900000) (1024K)]
  0x000001d6df388a70 JavaThread "Service Thread"             daemon [_thread_blocked, id=4800, stack(0x0000005101900000,0x0000005101a00000) (1024K)]
  0x000001d6df3895a0 JavaThread "Monitor Deflation Thread"   daemon [_thread_blocked, id=2300, stack(0x0000005101a00000,0x0000005101b00000) (1024K)]
  0x000001d6df38aa10 JavaThread "C2 CompilerThread0"         daemon [_thread_blocked, id=3936, stack(0x0000005101b00000,0x0000005101c00000) (1024K)]
  0x000001d6df3a2e30 JavaThread "C1 CompilerThread0"         daemon [_thread_blocked, id=5712, stack(0x0000005101c00000,0x0000005101d00000) (1024K)]
  0x000001d6df51c900 JavaThread "Notification Thread"        daemon [_thread_blocked, id=8600, stack(0x0000005101d00000,0x0000005101e00000) (1024K)]
  0x000001d6df523870 JavaThread "Common-Cleaner"             daemon [_thread_blocked, id=5412, stack(0x0000005101e00000,0x0000005101f00000) (1024K)]
Total: 11

Other Threads:
  0x000001d6df33e5e0 VMThread "VM Thread"                           [id=6460, stack(0x0000005101400000,0x0000005101500000) (1024K)]
  0x000001d6df3089d0 WatcherThread "VM Periodic Task Thread"        [id=3752, stack(0x0000005101300000,0x0000005101400000) (1024K)]
  0x000001d6c2e750f0 WorkerThread "GC Thread#0"                     [id=6724, stack(0x0000005100e00000,0x0000005100f00000) (1024K)]
  0x000001d6c2e89f00 ConcurrentGCThread "G1 Main Marker"            [id=8520, stack(0x0000005100f00000,0x0000005101000000) (1024K)]
  0x000001d6c2e8b1b0 WorkerThread "G1 Conc#0"                       [id=9968, stack(0x0000005101000000,0x0000005101100000) (1024K)]
  0x000001d6c2eee8f0 ConcurrentGCThread "G1 Refine#0"               [id=3608, stack(0x0000005101100000,0x0000005101200000) (1024K)]
  0x000001d6df1d8640 ConcurrentGCThread "G1 Service"                [id=7244, stack(0x0000005101200000,0x0000005101300000) (1024K)]
Total: 7

Threads with active compile tasks:
Total: 0

VM state: not at safepoint (normal execution)

VM Mutex/Monitor currently owned by a thread:  ([mutex/lock_event])
[0x00007ffcd93624b0] Metaspace_lock - owner thread: 0x000001d6c0c5caf0

Heap address: 0x0000000081800000, size: 2024 MB, Compressed Oops mode: 32-bit

CDS archive(s) not mapped
Compressed class space mapped at: 0x000000002c000000-0x000000006c000000, reserved size: 1073741824
UseCompressedClassPointers 1, UseCompactObjectHeaders 0
Narrow klass pointer bits 32, Max shift 3
Narrow klass base: 0x0000000000000000, Narrow klass shift: 0
Encoding Range: [0x0000000000000000 - 0x0000000100000000), (4294967296 bytes)
Klass Range:    [0x000000002c000000 - 0x000000006c000000), (1073741824 bytes)
Klass ID Range:  [738197504 - 1811939321) (1073741817)

GC Precious Log:
 CardTable entry size: 512
 Card Set container configuration: InlinePtr #cards 5 size 8 Array Of Cards #cards 10 size 36 Howl #buckets 4 coarsen threshold 1843 Howl Bitmap #cards 512 size 80 coarsen threshold 460 Card regions per heap region 1 cards per card region 2048
 CPUs: 4 total, 4 available
 Memory: 8092M
 Large Page Support: Disabled
 NUMA Support: Disabled
 Compressed Oops: Enabled (32-bit)
 Heap Region Size: 1M
 Heap Min Capacity: 8M
 Heap Initial Capacity: 128M
 Heap Max Capacity: 2024M
 Pre-touch: Disabled
 Parallel Workers: 4
 Concurrent Workers: 1
 Concurrent Refinement Workers: 4
 Periodic GC: Disabled

Heap:
 garbage-first heap   total reserved 2072576K, committed 131072K, used 2048K [0x0000000081800000, 0x0000000100000000)
  region size 1024K, 3 young (3072K), 0 survivors (0K)
 Metaspace       used 5825K, committed 5888K, reserved 1114112K
  class space    used 383K, committed 384K, reserved 1048576K

Heap Regions: E=young(eden), S=young(survivor), O=old, HS=humongous(starts), HC=humongous(continues), CS=collection set, F=free, TAMS=top-at-mark-start, PB=parsable bottom
|   0|0x0000000081800000, 0x0000000081800000, 0x0000000081900000|  0%| F|  |TAMS 0x0000000081800000| PB 0x0000000081800000| Untracked |  0
|   1|0x0000000081900000, 0x0000000081900000, 0x0000000081a00000|  0%| F|  |TAMS 0x0000000081900000| PB 0x0000000081900000| Untracked |  0
|   2|0x0000000081a00000, 0x0000000081a00000, 0x0000000081b00000|  0%| F|  |TAMS 0x0000000081a00000| PB 0x0000000081a00000| Untracked |  0
|   3|0x0000000081b00000, 0x0000000081b00000, 0x0000000081c00000|  0%| F|  |TAMS 0x0000000081b00000| PB 0x0000000081b00000| Untracked |  0
|   4|0x0000000081c00000, 0x0000000081c00000, 0x0000000081d00000|  0%| F|  |TAMS 0x0000000081c00000| PB 0x0000000081c00000| Untracked |  0
|   5|0x0000000081d00000, 0x0000000081d00000, 0x0000000081e00000|  0%| F|  |TAMS 0x0000000081d00000| PB 0x0000000081d00000| Untracked |  0
|   6|0x0000000081e00000, 0x0000000081e00000, 0x0000000081f00000|  0%| F|  |TAMS 0x0000000081e00000| PB 0x0000000081e00000| Untracked |  0
|   7|0x0000000081f00000, 0x0000000081f00000, 0x0000000082000000|  0%| F|  |TAMS 0x0000000081f00000| PB 0x0000000081f00000| Untracked |  0
|   8|0x0000000082000000, 0x0000000082000000, 0x0000000082100000|  0%| F|  |TAMS 0x0000000082000000| PB 0x0000000082000000| Untracked |  0
|   9|0x0000000082100000, 0x0000000082100000, 0x0000000082200000|  0%| F|  |TAMS 0x0000000082100000| PB 0x0000000082100000| Untracked |  0
|  10|0x0000000082200000, 0x0000000082200000, 0x0000000082300000|  0%| F|  |TAMS 0x0000000082200000| PB 0x0000000082200000| Untracked |  0
|  11|0x0000000082300000, 0x0000000082300000, 0x0000000082400000|  0%| F|  |TAMS 0x0000000082300000| PB 0x0000000082300000| Untracked |  0
|  12|0x0000000082400000, 0x0000000082400000, 0x0000000082500000|  0%| F|  |TAMS 0x0000000082400000| PB 0x0000000082400000| Untracked |  0
|  13|0x0000000082500000, 0x0000000082500000, 0x0000000082600000|  0%| F|  |TAMS 0x0000000082500000| PB 0x0000000082500000| Untracked |  0
|  14|0x0000000082600000, 0x0000000082600000, 0x0000000082700000|  0%| F|  |TAMS 0x0000000082600000| PB 0x0000000082600000| Untracked |  0
|  15|0x0000000082700000, 0x0000000082700000, 0x0000000082800000|  0%| F|  |TAMS 0x0000000082700000| PB 0x0000000082700000| Untracked |  0
|  16|0x0000000082800000, 0x0000000082800000, 0x0000000082900000|  0%| F|  |TAMS 0x0000000082800000| PB 0x0000000082800000| Untracked |  0
|  17|0x0000000082900000, 0x0000000082900000, 0x0000000082a00000|  0%| F|  |TAMS 0x0000000082900000| PB 0x0000000082900000| Untracked |  0
|  18|0x0000000082a00000, 0x0000000082a00000, 0x0000000082b00000|  0%| F|  |TAMS 0x0000000082a00000| PB 0x0000000082a00000| Untracked |  0
|  19|0x0000000082b00000, 0x0000000082b00000, 0x0000000082c00000|  0%| F|  |TAMS 0x0000000082b00000| PB 0x0000000082b00000| Untracked |  0
|  20|0x0000000082c00000, 0x0000000082c00000, 0x0000000082d00000|  0%| F|  |TAMS 0x0000000082c00000| PB 0x0000000082c00000| Untracked |  0
|  21|0x0000000082d00000, 0x0000000082d00000, 0x0000000082e00000|  0%| F|  |TAMS 0x0000000082d00000| PB 0x0000000082d00000| Untracked |  0
|  22|0x0000000082e00000, 0x0000000082e00000, 0x0000000082f00000|  0%| F|  |TAMS 0x0000000082e00000| PB 0x0000000082e00000| Untracked |  0
|  23|0x0000000082f00000, 0x0000000082f00000, 0x0000000083000000|  0%| F|  |TAMS 0x0000000082f00000| PB 0x0000000082f00000| Untracked |  0
|  24|0x0000000083000000, 0x0000000083000000, 0x0000000083100000|  0%| F|  |TAMS 0x0000000083000000| PB 0x0000000083000000| Untracked |  0
|  25|0x0000000083100000, 0x0000000083100000, 0x0000000083200000|  0%| F|  |TAMS 0x0000000083100000| PB 0x0000000083100000| Untracked |  0
|  26|0x0000000083200000, 0x0000000083200000, 0x0000000083300000|  0%| F|  |TAMS 0x0000000083200000| PB 0x0000000083200000| Untracked |  0
|  27|0x0000000083300000, 0x0000000083300000, 0x0000000083400000|  0%| F|  |TAMS 0x0000000083300000| PB 0x0000000083300000| Untracked |  0
|  28|0x0000000083400000, 0x0000000083400000, 0x0000000083500000|  0%| F|  |TAMS 0x0000000083400000| PB 0x0000000083400000| Untracked |  0
|  29|0x0000000083500000, 0x0000000083500000, 0x0000000083600000|  0%| F|  |TAMS 0x0000000083500000| PB 0x0000000083500000| Untracked |  0
|  30|0x0000000083600000, 0x0000000083600000, 0x0000000083700000|  0%| F|  |TAMS 0x0000000083600000| PB 0x0000000083600000| Untracked |  0
|  31|0x0000000083700000, 0x0000000083700000, 0x0000000083800000|  0%| F|  |TAMS 0x0000000083700000| PB 0x0000000083700000| Untracked |  0
|  32|0x0000000083800000, 0x0000000083800000, 0x0000000083900000|  0%| F|  |TAMS 0x0000000083800000| PB 0x0000000083800000| Untracked |  0
|  33|0x0000000083900000, 0x0000000083900000, 0x0000000083a00000|  0%| F|  |TAMS 0x0000000083900000| PB 0x0000000083900000| Untracked |  0
|  34|0x0000000083a00000, 0x0000000083a00000, 0x0000000083b00000|  0%| F|  |TAMS 0x0000000083a00000| PB 0x0000000083a00000| Untracked |  0
|  35|0x0000000083b00000, 0x0000000083b00000, 0x0000000083c00000|  0%| F|  |TAMS 0x0000000083b00000| PB 0x0000000083b00000| Untracked |  0
|  36|0x0000000083c00000, 0x0000000083c00000, 0x0000000083d00000|  0%| F|  |TAMS 0x0000000083c00000| PB 0x0000000083c00000| Untracked |  0
|  37|0x0000000083d00000, 0x0000000083d00000, 0x0000000083e00000|  0%| F|  |TAMS 0x0000000083d00000| PB 0x0000000083d00000| Untracked |  0
|  38|0x0000000083e00000, 0x0000000083e00000, 0x0000000083f00000|  0%| F|  |TAMS 0x0000000083e00000| PB 0x0000000083e00000| Untracked |  0
|  39|0x0000000083f00000, 0x0000000083f00000, 0x0000000084000000|  0%| F|  |TAMS 0x0000000083f00000| PB 0x0000000083f00000| Untracked |  0
|  40|0x0000000084000000, 0x0000000084000000, 0x0000000084100000|  0%| F|  |TAMS 0x0000000084000000| PB 0x0000000084000000| Untracked |  0
|  41|0x0000000084100000, 0x0000000084100000, 0x0000000084200000|  0%| F|  |TAMS 0x0000000084100000| PB 0x0000000084100000| Untracked |  0
|  42|0x0000000084200000, 0x0000000084200000, 0x0000000084300000|  0%| F|  |TAMS 0x0000000084200000| PB 0x0000000084200000| Untracked |  0
|  43|0x0000000084300000, 0x0000000084300000, 0x0000000084400000|  0%| F|  |TAMS 0x0000000084300000| PB 0x0000000084300000| Untracked |  0
|  44|0x0000000084400000, 0x0000000084400000, 0x0000000084500000|  0%| F|  |TAMS 0x0000000084400000| PB 0x0000000084400000| Untracked |  0
|  45|0x0000000084500000, 0x0000000084500000, 0x0000000084600000|  0%| F|  |TAMS 0x0000000084500000| PB 0x0000000084500000| Untracked |  0
|  46|0x0000000084600000, 0x0000000084600000, 0x0000000084700000|  0%| F|  |TAMS 0x0000000084600000| PB 0x0000000084600000| Untracked |  0
|  47|0x0000000084700000, 0x0000000084700000, 0x0000000084800000|  0%| F|  |TAMS 0x0000000084700000| PB 0x0000000084700000| Untracked |  0
|  48|0x0000000084800000, 0x0000000084800000, 0x0000000084900000|  0%| F|  |TAMS 0x0000000084800000| PB 0x0000000084800000| Untracked |  0
|  49|0x0000000084900000, 0x0000000084900000, 0x0000000084a00000|  0%| F|  |TAMS 0x0000000084900000| PB 0x0000000084900000| Untracked |  0
|  50|0x0000000084a00000, 0x0000000084a00000, 0x0000000084b00000|  0%| F|  |TAMS 0x0000000084a00000| PB 0x0000000084a00000| Untracked |  0
|  51|0x0000000084b00000, 0x0000000084b00000, 0x0000000084c00000|  0%| F|  |TAMS 0x0000000084b00000| PB 0x0000000084b00000| Untracked |  0
|  52|0x0000000084c00000, 0x0000000084c00000, 0x0000000084d00000|  0%| F|  |TAMS 0x0000000084c00000| PB 0x0000000084c00000| Untracked |  0
|  53|0x0000000084d00000, 0x0000000084d00000, 0x0000000084e00000|  0%| F|  |TAMS 0x0000000084d00000| PB 0x0000000084d00000| Untracked |  0
|  54|0x0000000084e00000, 0x0000000084e00000, 0x0000000084f00000|  0%| F|  |TAMS 0x0000000084e00000| PB 0x0000000084e00000| Untracked |  0
|  55|0x0000000084f00000, 0x0000000084f00000, 0x0000000085000000|  0%| F|  |TAMS 0x0000000084f00000| PB 0x0000000084f00000| Untracked |  0
|  56|0x0000000085000000, 0x0000000085000000, 0x0000000085100000|  0%| F|  |TAMS 0x0000000085000000| PB 0x0000000085000000| Untracked |  0
|  57|0x0000000085100000, 0x0000000085100000, 0x0000000085200000|  0%| F|  |TAMS 0x0000000085100000| PB 0x0000000085100000| Untracked |  0
|  58|0x0000000085200000, 0x0000000085200000, 0x0000000085300000|  0%| F|  |TAMS 0x0000000085200000| PB 0x0000000085200000| Untracked |  0
|  59|0x0000000085300000, 0x0000000085300000, 0x0000000085400000|  0%| F|  |TAMS 0x0000000085300000| PB 0x0000000085300000| Untracked |  0
|  60|0x0000000085400000, 0x0000000085400000, 0x0000000085500000|  0%| F|  |TAMS 0x0000000085400000| PB 0x0000000085400000| Untracked |  0
|  61|0x0000000085500000, 0x0000000085500000, 0x0000000085600000|  0%| F|  |TAMS 0x0000000085500000| PB 0x0000000085500000| Untracked |  0
|  62|0x0000000085600000, 0x0000000085600000, 0x0000000085700000|  0%| F|  |TAMS 0x0000000085600000| PB 0x0000000085600000| Untracked |  0
|  63|0x0000000085700000, 0x0000000085700000, 0x0000000085800000|  0%| F|  |TAMS 0x0000000085700000| PB 0x0000000085700000| Untracked |  0
|  64|0x0000000085800000, 0x0000000085800000, 0x0000000085900000|  0%| F|  |TAMS 0x0000000085800000| PB 0x0000000085800000| Untracked |  0
|  65|0x0000000085900000, 0x0000000085900000, 0x0000000085a00000|  0%| F|  |TAMS 0x0000000085900000| PB 0x0000000085900000| Untracked |  0
|  66|0x0000000085a00000, 0x0000000085a00000, 0x0000000085b00000|  0%| F|  |TAMS 0x0000000085a00000| PB 0x0000000085a00000| Untracked |  0
|  67|0x0000000085b00000, 0x0000000085b00000, 0x0000000085c00000|  0%| F|  |TAMS 0x0000000085b00000| PB 0x0000000085b00000| Untracked |  0
|  68|0x0000000085c00000, 0x0000000085c00000, 0x0000000085d00000|  0%| F|  |TAMS 0x0000000085c00000| PB 0x0000000085c00000| Untracked |  0
|  69|0x0000000085d00000, 0x0000000085d00000, 0x0000000085e00000|  0%| F|  |TAMS 0x0000000085d00000| PB 0x0000000085d00000| Untracked |  0
|  70|0x0000000085e00000, 0x0000000085e00000, 0x0000000085f00000|  0%| F|  |TAMS 0x0000000085e00000| PB 0x0000000085e00000| Untracked |  0
|  71|0x0000000085f00000, 0x0000000085f00000, 0x0000000086000000|  0%| F|  |TAMS 0x0000000085f00000| PB 0x0000000085f00000| Untracked |  0
|  72|0x0000000086000000, 0x0000000086000000, 0x0000000086100000|  0%| F|  |TAMS 0x0000000086000000| PB 0x0000000086000000| Untracked |  0
|  73|0x0000000086100000, 0x0000000086100000, 0x0000000086200000|  0%| F|  |TAMS 0x0000000086100000| PB 0x0000000086100000| Untracked |  0
|  74|0x0000000086200000, 0x0000000086200000, 0x0000000086300000|  0%| F|  |TAMS 0x0000000086200000| PB 0x0000000086200000| Untracked |  0
|  75|0x0000000086300000, 0x0000000086300000, 0x0000000086400000|  0%| F|  |TAMS 0x0000000086300000| PB 0x0000000086300000| Untracked |  0
|  76|0x0000000086400000, 0x0000000086400000, 0x0000000086500000|  0%| F|  |TAMS 0x0000000086400000| PB 0x0000000086400000| Untracked |  0
|  77|0x0000000086500000, 0x0000000086500000, 0x0000000086600000|  0%| F|  |TAMS 0x0000000086500000| PB 0x0000000086500000| Untracked |  0
|  78|0x0000000086600000, 0x0000000086600000, 0x0000000086700000|  0%| F|  |TAMS 0x0000000086600000| PB 0x0000000086600000| Untracked |  0
|  79|0x0000000086700000, 0x0000000086700000, 0x0000000086800000|  0%| F|  |TAMS 0x0000000086700000| PB 0x0000000086700000| Untracked |  0
|  80|0x0000000086800000, 0x0000000086800000, 0x0000000086900000|  0%| F|  |TAMS 0x0000000086800000| PB 0x0000000086800000| Untracked |  0
|  81|0x0000000086900000, 0x0000000086900000, 0x0000000086a00000|  0%| F|  |TAMS 0x0000000086900000| PB 0x0000000086900000| Untracked |  0
|  82|0x0000000086a00000, 0x0000000086a00000, 0x0000000086b00000|  0%| F|  |TAMS 0x0000000086a00000| PB 0x0000000086a00000| Untracked |  0
|  83|0x0000000086b00000, 0x0000000086b00000, 0x0000000086c00000|  0%| F|  |TAMS 0x0000000086b00000| PB 0x0000000086b00000| Untracked |  0
|  84|0x0000000086c00000, 0x0000000086c00000, 0x0000000086d00000|  0%| F|  |TAMS 0x0000000086c00000| PB 0x0000000086c00000| Untracked |  0
|  85|0x0000000086d00000, 0x0000000086d00000, 0x0000000086e00000|  0%| F|  |TAMS 0x0000000086d00000| PB 0x0000000086d00000| Untracked |  0
|  86|0x0000000086e00000, 0x0000000086e00000, 0x0000000086f00000|  0%| F|  |TAMS 0x0000000086e00000| PB 0x0000000086e00000| Untracked |  0
|  87|0x0000000086f00000, 0x0000000086f00000, 0x0000000087000000|  0%| F|  |TAMS 0x0000000086f00000| PB 0x0000000086f00000| Untracked |  0
|  88|0x0000000087000000, 0x0000000087000000, 0x0000000087100000|  0%| F|  |TAMS 0x0000000087000000| PB 0x0000000087000000| Untracked |  0
|  89|0x0000000087100000, 0x0000000087100000, 0x0000000087200000|  0%| F|  |TAMS 0x0000000087100000| PB 0x0000000087100000| Untracked |  0
|  90|0x0000000087200000, 0x0000000087200000, 0x0000000087300000|  0%| F|  |TAMS 0x0000000087200000| PB 0x0000000087200000| Untracked |  0
|  91|0x0000000087300000, 0x0000000087300000, 0x0000000087400000|  0%| F|  |TAMS 0x0000000087300000| PB 0x0000000087300000| Untracked |  0
|  92|0x0000000087400000, 0x0000000087400000, 0x0000000087500000|  0%| F|  |TAMS 0x0000000087400000| PB 0x0000000087400000| Untracked |  0
|  93|0x0000000087500000, 0x0000000087500000, 0x0000000087600000|  0%| F|  |TAMS 0x0000000087500000| PB 0x0000000087500000| Untracked |  0
|  94|0x0000000087600000, 0x0000000087600000, 0x0000000087700000|  0%| F|  |TAMS 0x0000000087600000| PB 0x0000000087600000| Untracked |  0
|  95|0x0000000087700000, 0x0000000087700000, 0x0000000087800000|  0%| F|  |TAMS 0x0000000087700000| PB 0x0000000087700000| Untracked |  0
|  96|0x0000000087800000, 0x0000000087800000, 0x0000000087900000|  0%| F|  |TAMS 0x0000000087800000| PB 0x0000000087800000| Untracked |  0
|  97|0x0000000087900000, 0x0000000087900000, 0x0000000087a00000|  0%| F|  |TAMS 0x0000000087900000| PB 0x0000000087900000| Untracked |  0
|  98|0x0000000087a00000, 0x0000000087a00000, 0x0000000087b00000|  0%| F|  |TAMS 0x0000000087a00000| PB 0x0000000087a00000| Untracked |  0
|  99|0x0000000087b00000, 0x0000000087b00000, 0x0000000087c00000|  0%| F|  |TAMS 0x0000000087b00000| PB 0x0000000087b00000| Untracked |  0
| 100|0x0000000087c00000, 0x0000000087c00000, 0x0000000087d00000|  0%| F|  |TAMS 0x0000000087c00000| PB 0x0000000087c00000| Untracked |  0
| 101|0x0000000087d00000, 0x0000000087d00000, 0x0000000087e00000|  0%| F|  |TAMS 0x0000000087d00000| PB 0x0000000087d00000| Untracked |  0
| 102|0x0000000087e00000, 0x0000000087e00000, 0x0000000087f00000|  0%| F|  |TAMS 0x0000000087e00000| PB 0x0000000087e00000| Untracked |  0
| 103|0x0000000087f00000, 0x0000000087f00000, 0x0000000088000000|  0%| F|  |TAMS 0x0000000087f00000| PB 0x0000000087f00000| Untracked |  0
| 104|0x0000000088000000, 0x0000000088000000, 0x0000000088100000|  0%| F|  |TAMS 0x0000000088000000| PB 0x0000000088000000| Untracked |  0
| 105|0x0000000088100000, 0x0000000088100000, 0x0000000088200000|  0%| F|  |TAMS 0x0000000088100000| PB 0x0000000088100000| Untracked |  0
| 106|0x0000000088200000, 0x0000000088200000, 0x0000000088300000|  0%| F|  |TAMS 0x0000000088200000| PB 0x0000000088200000| Untracked |  0
| 107|0x0000000088300000, 0x0000000088300000, 0x0000000088400000|  0%| F|  |TAMS 0x0000000088300000| PB 0x0000000088300000| Untracked |  0
| 108|0x0000000088400000, 0x0000000088400000, 0x0000000088500000|  0%| F|  |TAMS 0x0000000088400000| PB 0x0000000088400000| Untracked |  0
| 109|0x0000000088500000, 0x0000000088500000, 0x0000000088600000|  0%| F|  |TAMS 0x0000000088500000| PB 0x0000000088500000| Untracked |  0
| 110|0x0000000088600000, 0x0000000088600000, 0x0000000088700000|  0%| F|  |TAMS 0x0000000088600000| PB 0x0000000088600000| Untracked |  0
| 111|0x0000000088700000, 0x0000000088700000, 0x0000000088800000|  0%| F|  |TAMS 0x0000000088700000| PB 0x0000000088700000| Untracked |  0
| 112|0x0000000088800000, 0x0000000088800000, 0x0000000088900000|  0%| F|  |TAMS 0x0000000088800000| PB 0x0000000088800000| Untracked |  0
| 113|0x0000000088900000, 0x0000000088900000, 0x0000000088a00000|  0%| F|  |TAMS 0x0000000088900000| PB 0x0000000088900000| Untracked |  0
| 114|0x0000000088a00000, 0x0000000088a00000, 0x0000000088b00000|  0%| F|  |TAMS 0x0000000088a00000| PB 0x0000000088a00000| Untracked |  0
| 115|0x0000000088b00000, 0x0000000088b00000, 0x0000000088c00000|  0%| F|  |TAMS 0x0000000088b00000| PB 0x0000000088b00000| Untracked |  0
| 116|0x0000000088c00000, 0x0000000088c00000, 0x0000000088d00000|  0%| F|  |TAMS 0x0000000088c00000| PB 0x0000000088c00000| Untracked |  0
| 117|0x0000000088d00000, 0x0000000088d00000, 0x0000000088e00000|  0%| F|  |TAMS 0x0000000088d00000| PB 0x0000000088d00000| Untracked |  0
| 118|0x0000000088e00000, 0x0000000088e00000, 0x0000000088f00000|  0%| F|  |TAMS 0x0000000088e00000| PB 0x0000000088e00000| Untracked |  0
| 119|0x0000000088f00000, 0x0000000088f00000, 0x0000000089000000|  0%| F|  |TAMS 0x0000000088f00000| PB 0x0000000088f00000| Untracked |  0
| 120|0x0000000089000000, 0x0000000089000000, 0x0000000089100000|  0%| F|  |TAMS 0x0000000089000000| PB 0x0000000089000000| Untracked |  0
| 121|0x0000000089100000, 0x0000000089100000, 0x0000000089200000|  0%| F|  |TAMS 0x0000000089100000| PB 0x0000000089100000| Untracked |  0
| 122|0x0000000089200000, 0x0000000089200000, 0x0000000089300000|  0%| F|  |TAMS 0x0000000089200000| PB 0x0000000089200000| Untracked |  0
| 123|0x0000000089300000, 0x0000000089300000, 0x0000000089400000|  0%| F|  |TAMS 0x0000000089300000| PB 0x0000000089300000| Untracked |  0
| 124|0x0000000089400000, 0x0000000089400000, 0x0000000089500000|  0%| F|  |TAMS 0x0000000089400000| PB 0x0000000089400000| Untracked |  0
| 125|0x0000000089500000, 0x0000000089580000, 0x0000000089600000| 50%| E|  |TAMS 0x0000000089500000| PB 0x0000000089500000| Complete |  0
| 126|0x0000000089600000, 0x0000000089700000, 0x0000000089700000|100%| E|CS|TAMS 0x0000000089600000| PB 0x0000000089600000| Complete |  0
| 127|0x0000000089700000, 0x0000000089800000, 0x0000000089800000|100%| E|CS|TAMS 0x0000000089700000| PB 0x0000000089700000| Complete |  0

Card table byte_map: [0x000001d6daad0000,0x000001d6daed0000] _byte_map_base: 0x000001d6da6c4000

Marking Bits: (CMBitMap*) 0x000001d6c2e75800
 Bits: [0x000001d6daed0000, 0x000001d6dce70000)

Polling page: 0x000001d6c0bb0000

Metaspace:

Usage:
  Non-class:      5.31 MB used.
      Class:    383.74 KB used.
       Both:      5.69 MB used.

Virtual space:
  Non-class space:       64.00 MB reserved,       5.38 MB (  8%) committed,  1 nodes.
      Class space:        1.00 GB reserved,     384.00 KB ( <1%) committed,  1 nodes.
             Both:        1.06 GB reserved,       5.75 MB ( <1%) committed. 

Chunk freelists:
   Non-Class:  10.00 MB
       Class:  15.56 MB
        Both:  25.56 MB

MaxMetaspaceSize: unlimited
CompressedClassSpaceSize: 1.00 GB
Initial GC threshold: 21.00 MB
Current GC threshold: 21.00 MB
CDS: off
 - commit_granule_bytes: 65536.
 - commit_granule_words: 8192.
 - virtual_space_node_default_size: 8388608.
 - enlarge_chunks_in_place: 1.
UseCompressedClassPointers 1, UseCompactObjectHeaders 0
Narrow klass pointer bits 32, Max shift 3
Narrow klass base: 0x0000000000000000, Narrow klass shift: 0
Encoding Range: [0x0000000000000000 - 0x0000000100000000), (4294967296 bytes)
Klass Range:    [0x000000002c000000 - 0x000000006c000000), (1073741824 bytes)
Klass ID Range:  [738197504 - 1811939321) (1073741817)


Internal statistics:

num_allocs_failed_limit: 0.
num_arena_births: 2.
num_arena_deaths: 0.
num_vsnodes_births: 2.
num_vsnodes_deaths: 0.
num_space_committed: 92.
num_space_uncommitted: 0.
num_chunks_returned_to_freelist: 0.
num_chunks_taken_from_freelist: 5.
num_chunk_merges: 0.
num_chunk_splits: 3.
num_chunks_enlarged: 1.
num_inconsistent_stats: 0.

CodeHeap 'non-profiled nmethods': size=120064Kb used=22Kb max_used=22Kb free=120041Kb
 bounds [0x000001d6d3190000, 0x000001d6d3400000, 0x000001d6da6d0000]
CodeHeap 'profiled nmethods': size=120000Kb used=77Kb max_used=77Kb free=119922Kb
 bounds [0x000001d6cb6d0000, 0x000001d6cb940000, 0x000001d6d2c00000]
CodeHeap 'non-nmethods': size=5696Kb used=1188Kb max_used=1188Kb free=4507Kb
 bounds [0x000001d6d2c00000, 0x000001d6d2e70000, 0x000001d6d3190000]
CodeCache: size=245760Kb, used=1287Kb, max_used=1287Kb, free=244470Kb
 total_blobs=440, nmethods=87, adapters=259, full_count=0
Compilation: enabled, stopped_count=0, restarted_count=0

Compilation events (20 events):
Event: 0.081 Thread 0x000001d6df3a2e30   74       3       java.lang.StringLatin1::canEncode (13 bytes)
Event: 0.081 Thread 0x000001d6df3a2e30 nmethod 74 0x000001d6cb6e1108 code [0x000001d6cb6e1220, 0x000001d6cb6e1358]
Event: 0.083 Thread 0x000001d6df3a2e30   75       3       java.lang.StringLatin1::indexOfChar (33 bytes)
Event: 0.083 Thread 0x000001d6df3a2e30 nmethod 75 0x000001d6cb6e1408 code [0x000001d6cb6e1520, 0x000001d6cb6e1730]
Event: 0.083 Thread 0x000001d6df3a2e30   76       3       java.lang.StringBuilder::append (8 bytes)
Event: 0.083 Thread 0x000001d6df3a2e30 nmethod 76 0x000001d6cb6e1788 code [0x000001d6cb6e18a0, 0x000001d6cb6e19f0]
Event: 0.083 Thread 0x000001d6df3a2e30   77       3       java.lang.AbstractStringBuilder::append (77 bytes)
Event: 0.084 Thread 0x000001d6df3a2e30 nmethod 77 0x000001d6cb6e1a88 code [0x000001d6cb6e1c20, 0x000001d6cb6e2390]
Event: 0.086 Thread 0x000001d6df3a2e30   78       3       java.lang.StringLatin1::canEncode (17 bytes)
Event: 0.086 Thread 0x000001d6df3a2e30 nmethod 78 0x000001d6cb6e2408 code [0x000001d6cb6e2520, 0x000001d6cb6e2688]
Event: 0.086 Thread 0x000001d6df3a2e30   80       3       java.lang.Math::min (11 bytes)
Event: 0.086 Thread 0x000001d6df3a2e30 nmethod 80 0x000001d6cb6e2708 code [0x000001d6cb6e2820, 0x000001d6cb6e2950]
Event: 0.086 Thread 0x000001d6df3a2e30   79       3       java.lang.StringLatin1::indexOf (17 bytes)
Event: 0.086 Thread 0x000001d6df3a2e30 nmethod 79 0x000001d6cb6e2a08 code [0x000001d6cb6e2b40, 0x000001d6cb6e2ea8]
Event: 0.109 Thread 0x000001d6df3a2e30   81       3       java.util.HashSet::add (20 bytes)
Event: 0.110 Thread 0x000001d6df3a2e30 nmethod 81 0x000001d6cb6e2f08 code [0x000001d6cb6e3020, 0x000001d6cb6e31c8]
Event: 0.190 Thread 0x000001d6df3a2e30   84       1       java.lang.Enum::ordinal (5 bytes)
Event: 0.190 Thread 0x000001d6df3a2e30 nmethod 84 0x000001d6d3194f88 code [0x000001d6d3195080, 0x000001d6d3195148]
Event: 0.214 Thread 0x000001d6df3a2e30   87       3       java.lang.Enum::<init> (15 bytes)
Event: 0.214 Thread 0x000001d6df3a2e30 nmethod 87 0x000001d6cb6e3208 code [0x000001d6cb6e3320, 0x000001d6cb6e34d8]

GC Heap History (0 events):
No events

Dll operation events (4 events):
Event: 0.007 Loaded shared library C:\Program Files\Java\jdk-24\bin\java.dll
Event: 0.052 Loaded shared library C:\Program Files\Java\jdk-24\bin\jsvml.dll
Event: 0.088 Loaded shared library C:\Program Files\Java\jdk-24\bin\net.dll
Event: 0.090 Loading shared library C:\Program Files\Java\jdk-24\bin\nio.dll failed, error code 1455

Deoptimization events (0 events):
No events

Classes loaded (20 events):
Event: 0.210 Loading class jdk/internal/classfile/impl/DirectCodeBuilder$4 done
Event: 0.211 Loading class jdk/internal/classfile/impl/AbstractAttributeMapper$CodeMapper
Event: 0.211 Loading class jdk/internal/classfile/impl/AbstractAttributeMapper$CodeMapper done
Event: 0.211 Loading class jdk/internal/classfile/impl/BoundAttribute
Event: 0.211 Loading class jdk/internal/classfile/impl/BoundAttribute done
Event: 0.211 Loading class java/lang/invoke/InnerClassLambdaMetafactory$6
Event: 0.211 Loading class java/lang/invoke/InnerClassLambdaMetafactory$6 done
Event: 0.211 Loading class java/lang/classfile/Opcode
Event: 0.212 Loading class java/lang/classfile/Opcode done
Event: 0.213 Loading class java/lang/classfile/Opcode$Kind
Event: 0.214 Loading class java/lang/classfile/Opcode$Kind done
Event: 0.217 Loading class java/lang/invoke/TypeConvertingMethodAdapter
Event: 0.217 Loading class java/lang/invoke/TypeConvertingMethodAdapter done
Event: 0.217 Loading class jdk/internal/classfile/impl/BytecodeHelpers
Event: 0.218 Loading class jdk/internal/classfile/impl/BytecodeHelpers done
Event: 0.218 Loading class java/lang/classfile/CustomAttribute
Event: 0.218 Loading class java/lang/classfile/CustomAttribute done
Event: 0.218 Loading class jdk/internal/classfile/impl/StackMapGenerator
Event: 0.218 Loading class jdk/internal/classfile/impl/StackMapGenerator done
Event: 0.218 Loading class jdk/internal/classfile/impl/StackMapGenerator$Frame

Classes unloaded (0 events):
No events

Classes redefined (0 events):
No events

Internal exceptions (3 events):
Event: 0.108 Thread 0x000001d6c0c5caf0 Exception <a 'java/lang/UnsatisfiedLinkError'{0x000000008951a5e8}> (0x000000008951a5e8) 
thrown [s\open\src\hotspot\share\prims\jvm.cpp, line 3257]
Event: 0.108 Thread 0x000001d6c0c5caf0 Exception <a 'java/lang/UnsatisfiedLinkError'{0x000000008951a5e8}> (0x000000008951a5e8) 
thrown [s\open\src\hotspot\share\prims\jni.cpp, line 518]
Event: 0.110 Thread 0x000001d6c0c5caf0 Exception <a 'java/lang/UnsatisfiedLinkError'{0x000000008951a5e8}> (0x000000008951a5e8) 
thrown [s\open\src\hotspot\share\oops\instanceKlass.cpp, line 1328]

VM Operations (0 events):
No events

Memory protections (0 events):
No events

Nmethod flushes (0 events):
No events

Events (11 events):
Event: 0.016 Thread 0x000001d6c0c5caf0 Thread added: 0x000001d6c0c5caf0
Event: 0.049 Thread 0x000001d6c0c5caf0 Thread added: 0x000001d6df363d40
Event: 0.049 Thread 0x000001d6c0c5caf0 Thread added: 0x000001d6df3791f0
Event: 0.050 Thread 0x000001d6c0c5caf0 Thread added: 0x000001d6df386e00
Event: 0.050 Thread 0x000001d6c0c5caf0 Thread added: 0x000001d6df387930
Event: 0.050 Thread 0x000001d6c0c5caf0 Thread added: 0x000001d6df388a70
Event: 0.050 Thread 0x000001d6c0c5caf0 Thread added: 0x000001d6df3895a0
Event: 0.050 Thread 0x000001d6c0c5caf0 Thread added: 0x000001d6df38aa10
Event: 0.050 Thread 0x000001d6c0c5caf0 Thread added: 0x000001d6df3a2e30
Event: 0.077 Thread 0x000001d6c0c5caf0 Thread added: 0x000001d6df51c900
Event: 0.082 Thread 0x000001d6c0c5caf0 Thread added: 0x000001d6df523870


Dynamic libraries:
0x00007ff7c5ee0000 - 0x00007ff7c5ef0000 	C:\Program Files\Java\jdk-24\bin\java.exe
0x00007ffd12db0000 - 0x00007ffd12fa8000 	C:\Windows\SYSTEM32\ntdll.dll
0x00007ffd10e20000 - 0x00007ffd10ee2000 	C:\Windows\System32\KERNEL32.DLL
0x00007ffd104d0000 - 0x00007ffd107c6000 	C:\Windows\System32\KERNELBASE.dll
0x00007ffd10cb0000 - 0x00007ffd10db0000 	C:\Windows\System32\ucrtbase.dll
0x00007ffd0d560000 - 0x00007ffd0d576000 	C:\Program Files\Java\jdk-24\bin\jli.dll
0x00007ffd0d580000 - 0x00007ffd0d59b000 	C:\Program Files\Java\jdk-24\bin\VCRUNTIME140.dll
0x00007ffd118d0000 - 0x00007ffd11a6d000 	C:\Windows\System32\USER32.dll
0x00007ffcfcdf0000 - 0x00007ffcfd08a000 	C:\Windows\WinSxS\amd64_microsoft.windows.common-controls_6595b64144ccf1df_6.0.19041.5794_none_60bcd33171f2783c\COMCTL32.dll
0x00007ffd10db0000 - 0x00007ffd10dd2000 	C:\Windows\System32\win32u.dll
0x00007ffd12740000 - 0x00007ffd1276b000 	C:\Windows\System32\GDI32.dll
0x00007ffd10f10000 - 0x00007ffd10fae000 	C:\Windows\System32\msvcrt.dll
0x00007ffd10aa0000 - 0x00007ffd10bba000 	C:\Windows\System32\gdi32full.dll
0x00007ffd10c10000 - 0x00007ffd10cad000 	C:\Windows\System32\msvcp_win.dll
0x00007ffd10df0000 - 0x00007ffd10e1f000 	C:\Windows\System32\IMM32.DLL
0x00007ffd0da60000 - 0x00007ffd0da6c000 	C:\Program Files\Java\jdk-24\bin\vcruntime140_1.dll
0x00007ffcf5390000 - 0x00007ffcf541e000 	C:\Program Files\Java\jdk-24\bin\msvcp140.dll
0x00007ffcd86a0000 - 0x00007ffcd9442000 	C:\Program Files\Java\jdk-24\bin\server\jvm.dll
0x00007ffd12be0000 - 0x00007ffd12c8f000 	C:\Windows\System32\ADVAPI32.dll
0x00007ffd11d00000 - 0x00007ffd11d9f000 	C:\Windows\System32\sechost.dll
0x00007ffd11e50000 - 0x00007ffd11f73000 	C:\Windows\System32\RPCRT4.dll
0x00007ffd10860000 - 0x00007ffd10887000 	C:\Windows\System32\bcrypt.dll
0x00007ffd12610000 - 0x00007ffd1267b000 	C:\Windows\System32\WS2_32.dll
0x00007ffd0fb30000 - 0x00007ffd0fb7b000 	C:\Windows\SYSTEM32\POWRPROF.dll
0x00007ffd09e90000 - 0x00007ffd09eb7000 	C:\Windows\SYSTEM32\WINMM.dll
0x00007ffd05900000 - 0x00007ffd0590a000 	C:\Windows\SYSTEM32\VERSION.dll
0x00007ffd0fa80000 - 0x00007ffd0fa92000 	C:\Windows\SYSTEM32\UMPDC.dll
0x00007ffd0e2b0000 - 0x00007ffd0e2c2000 	C:\Windows\SYSTEM32\kernel.appcore.dll
0x00007ffd0d4a0000 - 0x00007ffd0d4aa000 	C:\Program Files\Java\jdk-24\bin\jimage.dll
0x00007ffd05930000 - 0x00007ffd05b31000 	C:\Windows\SYSTEM32\DBGHELP.DLL
0x00007ffd04cf0000 - 0x00007ffd04d24000 	C:\Windows\SYSTEM32\dbgcore.DLL
0x00007ffd107d0000 - 0x00007ffd10852000 	C:\Windows\System32\bcryptPrimitives.dll
0x00007ffd0d480000 - 0x00007ffd0d49e000 	C:\Program Files\Java\jdk-24\bin\java.dll
0x00007ffd123f0000 - 0x00007ffd1251b000 	C:\Windows\System32\ole32.dll
0x00007ffd12090000 - 0x00007ffd123e3000 	C:\Windows\System32\combase.dll
0x00007ffd11160000 - 0x00007ffd118ce000 	C:\Windows\System32\SHELL32.dll
0x00007ffd0e4b0000 - 0x00007ffd0ec53000 	C:\Windows\SYSTEM32\windows.storage.dll
0x00007ffd0fda0000 - 0x00007ffd0fdcb000 	C:\Windows\SYSTEM32\Wldp.dll
0x00007ffd12540000 - 0x00007ffd1260d000 	C:\Windows\System32\OLEAUT32.dll
0x00007ffd11f80000 - 0x00007ffd1202d000 	C:\Windows\System32\SHCORE.dll
0x00007ffd12030000 - 0x00007ffd12085000 	C:\Windows\System32\shlwapi.dll
0x00007ffd10380000 - 0x00007ffd103a5000 	C:\Windows\SYSTEM32\profapi.dll
0x00007ffcf36f0000 - 0x00007ffcf37c7000 	C:\Program Files\Java\jdk-24\bin\jsvml.dll
0x00007ffd0d470000 - 0x00007ffd0d480000 	C:\Program Files\Java\jdk-24\bin\net.dll
0x00007ffd0fb80000 - 0x00007ffd0fbec000 	C:\Windows\system32\mswsock.dll

JVMTI agents: none

dbghelp: loaded successfully - version: 4.0.5 - missing functions: none
symbol engine: initialized successfully - sym options: 0x614 - pdb path: .;C:\Program Files\Java\jdk-24\bin;C:\Windows\SYSTEM32;C:\Windows\WinSxS\amd64_microsoft.windows.common-controls_6595b64144ccf1df_6.0.19041.5794_none_60bcd33171f2783c;C:\Program Files\Java\jdk-24\bin\server

VM Arguments:
jvm_args: -Dnet.bytebuddy.agent.attacher.dump= 
java_command: net.bytebuddy.agent.Attacher com.sun.tools.attach.VirtualMachine 3688 C:\Users\K\.m2\repository\net\bytebuddy\byte-buddy-agent\1.17.6\byte-buddy-agent-1.17.6.jar false 
java_class_path (initial): C:\Users\K\.m2\repository\net\bytebuddy\byte-buddy-agent\1.17.6\byte-buddy-agent-1.17.6.jar
Launcher Type: SUN_STANDARD

[Global flags]
     intx CICompilerCount                          = 3                                         {product} {ergonomic}
     uint ConcGCThreads                            = 1                                         {product} {ergonomic}
     uint G1ConcRefinementThreads                  = 4                                         {product} {ergonomic}
   size_t G1HeapRegionSize                         = 1048576                                   {product} {ergonomic}
   size_t InitialHeapSize                          = 134217728                                 {product} {ergonomic}
   size_t MarkStackSize                            = 4194304                                   {product} {ergonomic}
   size_t MarkStackSizeMax                         = 536870912                                 {product} {ergonomic}
   size_t MaxHeapSize                              = 2122317824                                {product} {ergonomic}
   size_t MaxNewSize                               = 1272971264                                {product} {ergonomic}
   size_t MinHeapDeltaBytes                        = 1048576                                   {product} {ergonomic}
   size_t MinHeapSize                              = 8388608                                   {product} {ergonomic}
    uintx NonNMethodCodeHeapSize                   = 5832704                                {pd product} {ergonomic}
    uintx NonProfiledCodeHeapSize                  = 122945536                              {pd product} {ergonomic}
    uintx ProfiledCodeHeapSize                     = 122880000                              {pd product} {ergonomic}
    uintx ReservedCodeCacheSize                    = 251658240                              {pd product} {ergonomic}
     bool SegmentedCodeCache                       = true                                      {product} {ergonomic}
   size_t SoftMaxHeapSize                          = 2122317824                             {manageable} {ergonomic}
     bool UseCompressedOops                        = true                           {product lp64_product} {ergonomic}
     bool UseG1GC                                  = true                                      {product} {ergonomic}
     bool UseLargePagesIndividualAllocation        = false                                  {pd product} {ergonomic}

Logging:
Log output configuration:
 #0: stdout all=warning uptime,level,tags foldmultilines=false
 #1: stderr all=off uptime,level,tags foldmultilines=false

Environment Variables:
JAVA_HOME=C:\Program Files\Java\jdk-24
PATH=C:\Program Files\Java\jdk-24\bin;C:\Program Files\Common Files\Oracle\Java\javapath;C:\Windows\system32;C:\Windows;C:\Windows\System32\Wbem;C:\Windows\System32\WindowsPowerShell\v1.0\;C:\Windows\System32\OpenSSH\;C:\Program Files\Git\cmd;C:\Program Files\nodejs\;C:\Program Files\Docker\Docker\resources\bin;C:\Users\K\AppData\Local\Microsoft\WindowsApps;;C:\Program Files\JetBrains\IntelliJ IDEA 2024.3\bin;;C:\Users\K\AppData\Local\Programs\Microsoft VS Code\bin;C:\Users\K\AppData\Roaming\npm
USERNAME=K
OS=Windows_NT
PROCESSOR_IDENTIFIER=Intel64 Family 6 Model 60 Stepping 3, GenuineIntel
TMP=C:\Users\K\AppData\Local\Temp
TEMP=C:\Users\K\AppData\Local\Temp




Periodic native trim disabled

---------------  S Y S T E M  ---------------

OS:
 Windows 10 , 64 bit Build 19041 (10.0.19041.5794)
OS uptime: 3 days 1:20 hours
Hyper-V role detected

CPU: total 4 (initial active 4) (4 cores per cpu, 1 threads per core) family 6 model 60 stepping 3 microcode 0x27, cx8, cmov, fxsr, mmx, sse, sse2, sse3, ssse3, sse4.1, sse4.2, popcnt, lzcnt, tsc, tscinvbit, avx, avx2, aes, erms, clmul, bmi1, bmi2, fma, vzeroupper, clflush, hv, rdtscp, f16c
Processor Information for the first 4 processors :
  Max Mhz: 3301, Current Mhz: 2400, Mhz Limit: 3301

Memory: 4k page, system-wide physical 8092M (458M free)
TotalPageFile size 10427M (AvailPageFile size 4M)
current process WorkingSet (physical memory assigned to process): 29M, peak: 29M
current process commit charge ("private bytes"): 193M, peak: 196M

vm_info: Java HotSpot(TM) 64-Bit Server VM (24.0.1+9-30) for windows-amd64 JRE (24.0.1+9-30), built on 2025-03-05T07:23:45Z with MS VC++ 17.6 (VS2022)

END.
